Archive member included to satisfy reference by file (symbol)

sh_1106/libsh_1106.a(sh_1106.c.o)
                              CMakeFiles/bibliotheken.dir/bibliotheken.c.o (sh1106_init)
buzzer_sound/libbuzzer_sound.a(buzzer_sound.c.o)
                              CMakeFiles/bibliotheken.dir/bibliotheken.c.o (sound_play)
momefilo_flash/libmomefilo_flash.a(momefilo_flash.c.o)
                              CMakeFiles/bibliotheken.dir/bibliotheken.c.o (flash_init)
/usr/lib/gcc/arm-none-eabi/12.2.1/thumb/v6-m/nofp/libgcc.a(_dvmd_tls.o)
                              CMakeFiles/bibliotheken.dir/home/momefilo/pico/pico-sdk/src/rp2_common/pico_divider/divider_hardware.S.o (__aeabi_idiv0)
/usr/lib/gcc/arm-none-eabi/12.2.1/../../../arm-none-eabi/lib/thumb/v6-m/nofp/libg.a(lib_a-atexit.o)
                              /usr/lib/gcc/arm-none-eabi/12.2.1/../../../arm-none-eabi/lib/thumb/v6-m/nofp/crt0.o (atexit)
/usr/lib/gcc/arm-none-eabi/12.2.1/../../../arm-none-eabi/lib/thumb/v6-m/nofp/libg.a(lib_a-calloc.o)
                              CMakeFiles/bibliotheken.dir/home/momefilo/pico/pico-sdk/src/rp2_common/pico_malloc/malloc.c.o (calloc)
/usr/lib/gcc/arm-none-eabi/12.2.1/../../../arm-none-eabi/lib/thumb/v6-m/nofp/libg.a(lib_a-callocr.o)
                              /usr/lib/gcc/arm-none-eabi/12.2.1/../../../arm-none-eabi/lib/thumb/v6-m/nofp/libg.a(lib_a-calloc.o) (_calloc_r)
/usr/lib/gcc/arm-none-eabi/12.2.1/../../../arm-none-eabi/lib/thumb/v6-m/nofp/libg.a(lib_a-fini.o)
                              /usr/lib/gcc/arm-none-eabi/12.2.1/../../../arm-none-eabi/lib/thumb/v6-m/nofp/crt0.o (__libc_fini_array)
/usr/lib/gcc/arm-none-eabi/12.2.1/../../../arm-none-eabi/lib/thumb/v6-m/nofp/libg.a(lib_a-impure.o)
                              /usr/lib/gcc/arm-none-eabi/12.2.1/../../../arm-none-eabi/lib/thumb/v6-m/nofp/libg.a(lib_a-calloc.o) (_impure_ptr)
/usr/lib/gcc/arm-none-eabi/12.2.1/../../../arm-none-eabi/lib/thumb/v6-m/nofp/libg.a(lib_a-init.o)
                              /usr/lib/gcc/arm-none-eabi/12.2.1/../../../arm-none-eabi/lib/thumb/v6-m/nofp/crt0.o (__libc_init_array)
/usr/lib/gcc/arm-none-eabi/12.2.1/../../../arm-none-eabi/lib/thumb/v6-m/nofp/libg.a(lib_a-lcltime_r.o)
                              CMakeFiles/bibliotheken.dir/home/momefilo/pico/pico-sdk/src/common/pico_util/datetime.c.o (localtime_r)
/usr/lib/gcc/arm-none-eabi/12.2.1/../../../arm-none-eabi/lib/thumb/v6-m/nofp/libg.a(lib_a-malloc.o)
                              CMakeFiles/bibliotheken.dir/home/momefilo/pico/pico-sdk/src/rp2_common/pico_malloc/malloc.c.o (malloc)
/usr/lib/gcc/arm-none-eabi/12.2.1/../../../arm-none-eabi/lib/thumb/v6-m/nofp/libg.a(lib_a-mallocr.o)
                              /usr/lib/gcc/arm-none-eabi/12.2.1/../../../arm-none-eabi/lib/thumb/v6-m/nofp/libg.a(lib_a-callocr.o) (_malloc_r)
/usr/lib/gcc/arm-none-eabi/12.2.1/../../../arm-none-eabi/lib/thumb/v6-m/nofp/libg.a(lib_a-memcmp.o)
                              CMakeFiles/bibliotheken.dir/home/momefilo/pico/pico-sdk/src/rp2_common/pico_atomic/atomic.c.o (memcmp)
/usr/lib/gcc/arm-none-eabi/12.2.1/../../../arm-none-eabi/lib/thumb/v6-m/nofp/libg.a(lib_a-mktime.o)
                              CMakeFiles/bibliotheken.dir/home/momefilo/pico/pico-sdk/src/common/pico_util/datetime.c.o (mktime)
/usr/lib/gcc/arm-none-eabi/12.2.1/../../../arm-none-eabi/lib/thumb/v6-m/nofp/libg.a(lib_a-mlock.o)
                              /usr/lib/gcc/arm-none-eabi/12.2.1/../../../arm-none-eabi/lib/thumb/v6-m/nofp/libg.a(lib_a-mallocr.o) (__malloc_lock)
/usr/lib/gcc/arm-none-eabi/12.2.1/../../../arm-none-eabi/lib/thumb/v6-m/nofp/libg.a(lib_a-month_lengths.o)
                              /usr/lib/gcc/arm-none-eabi/12.2.1/../../../arm-none-eabi/lib/thumb/v6-m/nofp/libg.a(lib_a-lcltime_r.o) (__month_lengths)
/usr/lib/gcc/arm-none-eabi/12.2.1/../../../arm-none-eabi/lib/thumb/v6-m/nofp/libg.a(lib_a-realloc.o)
                              CMakeFiles/bibliotheken.dir/home/momefilo/pico/pico-sdk/src/rp2_common/pico_malloc/malloc.c.o (realloc)
/usr/lib/gcc/arm-none-eabi/12.2.1/../../../arm-none-eabi/lib/thumb/v6-m/nofp/libg.a(lib_a-reallocr.o)
                              /usr/lib/gcc/arm-none-eabi/12.2.1/../../../arm-none-eabi/lib/thumb/v6-m/nofp/libg.a(lib_a-realloc.o) (_realloc_r)
/usr/lib/gcc/arm-none-eabi/12.2.1/../../../arm-none-eabi/lib/thumb/v6-m/nofp/libg.a(lib_a-sbrkr.o)
                              /usr/lib/gcc/arm-none-eabi/12.2.1/../../../arm-none-eabi/lib/thumb/v6-m/nofp/libg.a(lib_a-mallocr.o) (_sbrk_r)
/usr/lib/gcc/arm-none-eabi/12.2.1/../../../arm-none-eabi/lib/thumb/v6-m/nofp/libg.a(lib_a-strlen-stub.o)
                              CMakeFiles/bibliotheken.dir/home/momefilo/pico/pico-sdk/src/rp2_common/pico_stdio/stdio.c.o (strlen)
/usr/lib/gcc/arm-none-eabi/12.2.1/../../../arm-none-eabi/lib/thumb/v6-m/nofp/libg.a(lib_a-tzcalc_limits.o)
                              /usr/lib/gcc/arm-none-eabi/12.2.1/../../../arm-none-eabi/lib/thumb/v6-m/nofp/libg.a(lib_a-lcltime_r.o) (__tzcalc_limits)
[...]
Memory Configuration

Name             Origin             Length             Attributes
FLASH            0x10000000         0x00200000         xr
RAM              0x20000000         0x00040000         xrw
SCRATCH_X        0x20040000         0x00001000         xrw
SCRATCH_Y        0x20041000         0x00001000         xrw
*default*        0x00000000         0xffffffff

Linker script and memory map

LOAD /usr/lib/gcc/arm-none-eabi/12.2.1/thumb/v6-m/nofp/crti.o
LOAD /usr/lib/gcc/arm-none-eabi/12.2.1/thumb/v6-m/nofp/crtbegin.o
LOAD /usr/lib/gcc/arm-none-eabi/12.2.1/../../../arm-none-eabi/lib/thumb/v6-m/nofp/crt0.o

.flash_begin    0x10000000        0x0
                0x10000000                        __flash_binary_start = .

.boot2          0x10000000      0x100
                0x10000000                        __boot2_start__ = .
 *(.boot2)
 .boot2         0x10000000      0x100 pico-sdk/src/rp2040/boot_stage2/CMakeFiles/bs2_default_library.dir/bs2_default_padded_checksummed.S.o
                0x10000100                        __boot2_end__ = .
                0x00000001                        ASSERT (((__boot2_end__ - __boot2_start__) == 0x100), ERROR: Pico second stage bootloader must be 256 bytes in size)

.text           0x10000100     0x1ed0
                0x10000100                        __logical_binary_start = .
 *(.vectors)
 .vectors       0x10000100       0xd4 CMakeFiles/bibliotheken.dir/home/momefilo/pico/pico-sdk/src/rp2_common/pico_crt0/crt0.S.o
                0x10000100                __vectors
                0x10000100                __VECTOR_TABLE
                0x100001c0                isr_invalid
                0x100001c0                __default_isrs_start
                0x100001c2                isr_nmi
                0x100001c4                isr_hardfault
                0x100001c6                isr_svcall
                0x100001c8                isr_pendsv
                0x100001ca                isr_systick
                0x100001cc                isr_irq30
                0x100001cc                __unhandled_user_irq
                0x100001cc                isr_irq13
                0x100001cc                isr_irq27
                0x100001cc                isr_irq31
                0x100001cc                isr_irq5
                0x100001cc                isr_irq11
                0x100001cc                isr_irq23
                0x100001cc                isr_irq18
                0x100001cc                isr_irq28
                0x100001cc                isr_irq19
                0x100001cc                isr_irq0
                0x100001cc                isr_irq6
                0x100001cc                isr_irq22
                0x100001cc                isr_irq17
                0x100001cc                isr_irq14
                0x100001cc                isr_irq2
                0x100001cc                isr_irq10
                0x100001cc                isr_irq8
                0x100001cc                isr_irq24
                0x100001cc                isr_irq1
                0x100001cc                isr_irq7
                0x100001cc                isr_irq21
                0x100001cc                isr_irq20
                0x100001cc                isr_irq15
                0x100001cc                isr_irq25
                0x100001cc                isr_irq4
                0x100001cc                isr_irq16
                0x100001cc                isr_irq29
                0x100001cc                isr_irq26
                0x100001cc                __default_isrs_end
                0x100001cc                isr_irq3
                0x100001cc                isr_irq12
                0x100001cc                isr_irq9
                0x100001d2                unhandled_user_irq_num_in_r0
 *(.binary_info_header)
 .binary_info_header
                0x100001d4       0x14 CMakeFiles/bibliotheken.dir/home/momefilo/pico/pico-sdk/src/rp2_common/pico_crt0/crt0.S.o
                0x100001e8                        __binary_info_header_end = .
 *(.embedded_block)
                0x100001e8                        __embedded_block_end = .
 *(.reset)
 .reset         0x100001e8       0x9c CMakeFiles/bibliotheken.dir/home/momefilo/pico/pico-sdk/src/rp2_common/pico_crt0/crt0.S.o
                0x100001e8                _entry_point
 *(.init)
 .init          0x10000284        0x4 /usr/lib/gcc/arm-none-eabi/12.2.1/thumb/v6-m/nofp/crti.o
                0x10000284                _init
 *(EXCLUDE_FILE(*libm.a: *libc.a:*lib_a-mem*.o *libgcc.a:) .text*)
 .text          0x10000288       0x98 /usr/lib/gcc/arm-none-eabi/12.2.1/thumb/v6-m/nofp/crtbegin.o
 .text.startup.main
                0x10000320       0x10 CMakeFiles/bibliotheken.dir/bibliotheken.c.o
                0x10000320                main
 .text.gpio_set_function
                0x10000330       0x34 CMakeFiles/bibliotheken.dir/home/momefilo/pico/pico-sdk/src/rp2_common/hardware_gpio/gpio.c.o
                0x10000330                gpio_set_function
 .text.gpio_set_pulls
                0x10000364       0x28 CMakeFiles/bibliotheken.dir/home/momefilo/pico/pico-sdk/src/rp2_common/hardware_gpio/gpio.c.o
                0x10000364                gpio_set_pulls
 .text.gpio_init
                0x1000038c       0x40 CMakeFiles/bibliotheken.dir/home/momefilo/pico/pico-sdk/src/rp2_common/hardware_gpio/gpio.c.o
                0x1000038c                gpio_init
 .text.panic    0x100003cc       0x30 CMakeFiles/bibliotheken.dir/home/momefilo/pico/pico-sdk/src/rp2_common/pico_platform_panic/panic.c.o
                0x100003cc                panic
 .text.hw_claim_or_assert
                0x100003fc       0x44 CMakeFiles/bibliotheken.dir/home/momefilo/pico/pico-sdk/src/common/hardware_claim/claim.c.o
                0x100003fc                hw_claim_or_assert
 .text.next_striped_spin_lock_num
                0x10000440       0x18 CMakeFiles/bibliotheken.dir/home/momefilo/pico/pico-sdk/src/rp2_common/hardware_sync/sync.c.o
                0x10000440                next_striped_spin_lock_num
 .text.spin_locks_reset
                0x10000458       0x1c CMakeFiles/bibliotheken.dir/home/momefilo/pico/pico-sdk/src/rp2_common/hardware_sync_spin_lock/sync_spin_lock.c.o
                0x10000458                spin_locks_reset
 .text.runtime_init_per_core_irq_priorities
                0x10000474       0x24 CMakeFiles/bibliotheken.dir/home/momefilo/pico/pico-sdk/src/rp2_common/hardware_irq/irq.c.o
                0x10000474                runtime_init_per_core_irq_priorities
 .text.irq_set_enabled
                0x10000498       0x24 CMakeFiles/bibliotheken.dir/home/momefilo/pico/pico-sdk/src/rp2_common/hardware_irq/irq.c.o
                0x10000498                irq_set_enabled
 .text.irq_set_exclusive_handler
                0x100004bc       0x54 CMakeFiles/bibliotheken.dir/home/momefilo/pico/pico-sdk/src/rp2_common/hardware_irq/irq.c.o
                0x100004bc                irq_set_exclusive_handler
 .text.irq_remove_handler
                0x10000510      0x1d4 CMakeFiles/bibliotheken.dir/home/momefilo/pico/pico-sdk/src/rp2_common/hardware_irq/irq.c.o
                0x10000510                irq_remove_handler
 .text.irq_add_tail_to_free_list
                0x100006e4       0xb4 CMakeFiles/bibliotheken.dir/home/momefilo/pico/pico-sdk/src/rp2_common/hardware_irq/irq.c.o
                0x100006e4                irq_add_tail_to_free_list
 .text.lock_init
                0x10000798       0x10 CMakeFiles/bibliotheken.dir/home/momefilo/pico/pico-sdk/src/common/pico_sync/lock_core.c.o
                0x10000798                lock_init
 .text.runtime_init_mutex
                0x100007a8       0x58 CMakeFiles/bibliotheken.dir/home/momefilo/pico/pico-sdk/src/common/pico_sync/mutex.c.o
                0x100007a8                runtime_init_mutex
 .text.sleep_until_callback
                0x10000800       0x30 CMakeFiles/bibliotheken.dir/home/momefilo/pico/pico-sdk/src/common/pico_time/time.c.o
 .text.alarm_pool_irq_handler
                0x10000830      0x308 CMakeFiles/bibliotheken.dir/home/momefilo/pico/pico-sdk/src/common/pico_time/time.c.o
 .text.runtime_init_default_alarm_pool
                0x10000b38       0xdc CMakeFiles/bibliotheken.dir/home/momefilo/pico/pico-sdk/src/common/pico_time/time.c.o
                0x10000b38                runtime_init_default_alarm_pool
 .text.alarm_pool_add_alarm_at_force_in_context
                0x10000c14       0xb0 CMakeFiles/bibliotheken.dir/home/momefilo/pico/pico-sdk/src/common/pico_time/time.c.o
                0x10000c14                alarm_pool_add_alarm_at_force_in_context
 .text.alarm_pool_cancel_alarm
                0x10000cc4       0x74 CMakeFiles/bibliotheken.dir/home/momefilo/pico/pico-sdk/src/common/pico_time/time.c.o
                0x10000cc4                alarm_pool_cancel_alarm
 .text.best_effort_wfe_or_timeout
                0x10000d38       0xe0 CMakeFiles/bibliotheken.dir/home/momefilo/pico/pico-sdk/src/common/pico_time/time.c.o
                0x10000d38                best_effort_wfe_or_timeout
 .text.timer_hardware_alarm_claim
                0x10000e18       0x14 CMakeFiles/bibliotheken.dir/home/momefilo/pico/pico-sdk/src/rp2_common/hardware_timer/timer.c.o
                0x10000e18                timer_hardware_alarm_claim
 .text.timer_time_us_64
                0x10000e2c       0x10 CMakeFiles/bibliotheken.dir/home/momefilo/pico/pico-sdk/src/rp2_common/hardware_timer/timer.c.o
                0x10000e2c                timer_time_us_64
 .text.time_us_64
                0x10000e3c       0x14 CMakeFiles/bibliotheken.dir/home/momefilo/pico/pico-sdk/src/rp2_common/hardware_timer/timer.c.o
                0x10000e3c                time_us_64
 .text.busy_wait_us
                0x10000e50       0x68 CMakeFiles/bibliotheken.dir/home/momefilo/pico/pico-sdk/src/rp2_common/hardware_timer/timer.c.o
                0x10000e50                busy_wait_us
 .text.i2c_write_blocking_internal.constprop.0
                0x10000eb8       0xd0 CMakeFiles/bibliotheken.dir/home/momefilo/pico/pico-sdk/src/rp2_common/hardware_i2c/i2c.c.o
 .text.i2c_set_baudrate
                0x10000f88       0xc0 CMakeFiles/bibliotheken.dir/home/momefilo/pico/pico-sdk/src/rp2_common/hardware_i2c/i2c.c.o
                0x10000f88                i2c_set_baudrate
 .text.i2c_init
                0x10001048       0x54 CMakeFiles/bibliotheken.dir/home/momefilo/pico/pico-sdk/src/rp2_common/hardware_i2c/i2c.c.o
                0x10001048                i2c_init
 .text.i2c_write_blocking
                0x1000109c       0x14 CMakeFiles/bibliotheken.dir/home/momefilo/pico/pico-sdk/src/rp2_common/hardware_i2c/i2c.c.o
                0x1000109c                i2c_write_blocking
 .text.clock_configure_int_divider
                0x100010b0       0xf4 CMakeFiles/bibliotheken.dir/home/momefilo/pico/pico-sdk/src/rp2_common/hardware_clocks/clocks.c.o
                0x100010b0                clock_configure_int_divider
 .text.clock_configure_undivided
                0x100011a4       0xe8 CMakeFiles/bibliotheken.dir/home/momefilo/pico/pico-sdk/src/rp2_common/hardware_clocks/clocks.c.o
                0x100011a4                clock_configure_undivided
 .text.clock_get_hz
                0x1000128c        0xc CMakeFiles/bibliotheken.dir/home/momefilo/pico/pico-sdk/src/rp2_common/hardware_clocks/clocks.c.o
                0x1000128c                clock_get_hz
 .text.pll_init
                0x10001298       0xa0 CMakeFiles/bibliotheken.dir/home/momefilo/pico/pico-sdk/src/rp2_common/hardware_pll/pll.c.o
                0x10001298                pll_init
 .text.tick_start
                0x10001338       0x10 CMakeFiles/bibliotheken.dir/home/momefilo/pico/pico-sdk/src/rp2_common/hardware_ticks/ticks.c.o
                0x10001338                tick_start
 .text.rom_func_lookup
                0x10001348       0x10 CMakeFiles/bibliotheken.dir/home/momefilo/pico/pico-sdk/src/rp2_common/pico_bootrom/bootrom.c.o
                0x10001348                rom_func_lookup
 .text.rom_data_lookup
                0x10001358       0x10 CMakeFiles/bibliotheken.dir/home/momefilo/pico/pico-sdk/src/rp2_common/pico_bootrom/bootrom.c.o
                0x10001358                rom_data_lookup
 .text.rom_funcs_lookup
                0x10001368       0x44 CMakeFiles/bibliotheken.dir/home/momefilo/pico/pico-sdk/src/rp2_common/pico_bootrom/bootrom.c.o
                0x10001368                rom_funcs_lookup
 .text.xosc_init
                0x100013ac       0x28 CMakeFiles/bibliotheken.dir/home/momefilo/pico/pico-sdk/src/rp2_common/hardware_xosc/xosc.c.o
                0x100013ac                xosc_init
 .text.uart_init
                0x100013d4      0x11c CMakeFiles/bibliotheken.dir/home/momefilo/pico/pico-sdk/src/rp2_common/hardware_uart/uart.c.o
                0x100013d4                uart_init
 .text.first_per_core_initializer
                0x100014f0        0x4 CMakeFiles/bibliotheken.dir/home/momefilo/pico/pico-sdk/src/rp2_common/pico_runtime/runtime.c.o
 .text.hard_assertion_failure
                0x100014f4        0xc CMakeFiles/bibliotheken.dir/home/momefilo/pico/pico-sdk/src/rp2_common/pico_runtime/runtime.c.o
                0x100014f4                hard_assertion_failure
 .text.runtime_run_initializers
                0x10001500       0x28 CMakeFiles/bibliotheken.dir/home/momefilo/pico/pico-sdk/src/rp2_common/pico_runtime/runtime.c.o
                0x10001500                runtime_run_initializers
 .text.runtime_init_early_resets
                0x10001528       0x2c CMakeFiles/bibliotheken.dir/home/momefilo/pico/pico-sdk/src/rp2_common/pico_runtime_init/runtime_init.c.o
                0x10001528                runtime_init_early_resets
 .text.runtime_init_usb_power_down
                0x10001554       0x1c CMakeFiles/bibliotheken.dir/home/momefilo/pico/pico-sdk/src/rp2_common/pico_runtime_init/runtime_init.c.o
                0x10001554                runtime_init_usb_power_down
 .text.runtime_init_post_clock_resets
                0x10001570       0x20 CMakeFiles/bibliotheken.dir/home/momefilo/pico/pico-sdk/src/rp2_common/pico_runtime_init/runtime_init.c.o
                0x10001570                runtime_init_post_clock_resets
 .text.runtime_init_rp2040_gpio_ie_disable
                0x10001590       0x14 CMakeFiles/bibliotheken.dir/home/momefilo/pico/pico-sdk/src/rp2_common/pico_runtime_init/runtime_init.c.o
                0x10001590                runtime_init_rp2040_gpio_ie_disable
 .text.runtime_init_spin_locks_reset
                0x100015a4        0x8 CMakeFiles/bibliotheken.dir/home/momefilo/pico/pico-sdk/src/rp2_common/pico_runtime_init/runtime_init.c.o
                0x100015a4                runtime_init_spin_locks_reset
 .text.runtime_init_install_ram_vector_table
                0x100015ac       0x1c CMakeFiles/bibliotheken.dir/home/momefilo/pico/pico-sdk/src/rp2_common/pico_runtime_init/runtime_init.c.o
                0x100015ac                runtime_init_install_ram_vector_table
 .text.runtime_init_clocks
                0x100015c8       0xd8 CMakeFiles/bibliotheken.dir/home/momefilo/pico/pico-sdk/src/rp2_common/pico_runtime_init/runtime_init_clocks.c.o
                0x100015c8                runtime_init_clocks
 .text          0x100016a0       0x10 CMakeFiles/bibliotheken.dir/home/momefilo/pico/pico-sdk/src/rp2_common/pico_bit_ops/bit_ops_aeabi.S.o
 .text.__wrap___aeabi_uidiv
                0x100016b0       0x4c CMakeFiles/bibliotheken.dir/home/momefilo/pico/pico-sdk/src/rp2_common/pico_divider/divider_hardware.S.o
                0x100016b0                __wrap___aeabi_uidiv
                0x100016b0                __wrap___aeabi_uidivmod
                0x100016b0                div_u32u32
                0x100016b0                divmod_u32u32
                0x100016b8                divmod_u32u32_unsafe
                0x100016e0                divmod_u32u32_savestate
 .text.__aeabi_double_init
                0x100016fc       0xa4 CMakeFiles/bibliotheken.dir/home/momefilo/pico/pico-sdk/src/rp2_common/pico_double/double_init_rom_rp2040.c.o
                0x100016fc                __aeabi_double_init
 .text.double_table_shim_on_use_helper
                0x100017a0       0x2c CMakeFiles/bibliotheken.dir/home/momefilo/pico/pico-sdk/src/rp2_common/pico_double/double_v1_rom_shim_rp2040.S.o
                0x100017a0                double_table_shim_on_use_helper
 .text.__aeabi_float_init
                0x100017cc       0x64 CMakeFiles/bibliotheken.dir/home/momefilo/pico/pico-sdk/src/rp2_common/pico_float/float_init_rom_rp2040.c.o
                0x100017cc                __aeabi_float_init
 .text.float_table_shim_on_use_helper
                0x10001830       0x2c CMakeFiles/bibliotheken.dir/home/momefilo/pico/pico-sdk/src/rp2_common/pico_float/float_v1_rom_shim_rp2040.S.o
                0x10001830                float_table_shim_on_use_helper
 .text          0x1000185c       0x10 CMakeFiles/bibliotheken.dir/home/momefilo/pico/pico-sdk/src/rp2_common/pico_mem_ops/mem_ops_aeabi.S.o
                0x1000185c                __aeabi_mem_init
 .text.memcpy   0x1000186c        0xc CMakeFiles/bibliotheken.dir/home/momefilo/pico/pico-sdk/src/rp2_common/pico_mem_ops/mem_ops_aeabi.S.o
                0x1000186c                __wrap___aeabi_memcpy
                0x1000186c                __wrap_memcpy
 .text._out_char
                0x10001878       0x10 CMakeFiles/bibliotheken.dir/home/momefilo/pico/pico-sdk/src/rp2_common/pico_printf/printf.c.o
 .text.weak_raw_vprintf
                0x10001888       0x30 CMakeFiles/bibliotheken.dir/home/momefilo/pico/pico-sdk/src/rp2_common/pico_printf/printf.c.o
                0x10001888                weak_raw_vprintf
 .text._exit    0x100018b8        0x4 CMakeFiles/bibliotheken.dir/home/momefilo/pico/pico-sdk/src/rp2_common/pico_clib_interface/newlib_interface.c.o
                0x100018b8                _exit
 .text.exit     0x100018bc        0x8 CMakeFiles/bibliotheken.dir/home/momefilo/pico/pico-sdk/src/rp2_common/pico_clib_interface/newlib_interface.c.o
                0x100018bc                exit
 .text.runtime_init
                0x100018c4       0x2c CMakeFiles/bibliotheken.dir/home/momefilo/pico/pico-sdk/src/rp2_common/pico_clib_interface/newlib_interface.c.o
                0x100018c4                runtime_init
 .text.stdio_out_chars_no_crlf
                0x100018f0       0x10 CMakeFiles/bibliotheken.dir/home/momefilo/pico/pico-sdk/src/rp2_common/pico_stdio/stdio.c.o
 .text.stdio_out_chars_crlf
                0x10001900       0xbc CMakeFiles/bibliotheken.dir/home/momefilo/pico/pico-sdk/src/rp2_common/pico_stdio/stdio.c.o
 .text.stdio_put_string
                0x100019bc      0x100 CMakeFiles/bibliotheken.dir/home/momefilo/pico/pico-sdk/src/rp2_common/pico_stdio/stdio.c.o
                0x100019bc                stdio_put_string
 .text.stdio_set_driver_enabled
                0x10001abc       0x30 CMakeFiles/bibliotheken.dir/home/momefilo/pico/pico-sdk/src/rp2_common/pico_stdio/stdio.c.o
                0x10001abc                stdio_set_driver_enabled
 .text.stdio_init_all
                0x10001aec        0xc CMakeFiles/bibliotheken.dir/home/momefilo/pico/pico-sdk/src/rp2_common/pico_stdio/stdio.c.o
                0x10001aec                stdio_init_all
 .text.__wrap_putchar
                0x10001af8       0x98 CMakeFiles/bibliotheken.dir/home/momefilo/pico/pico-sdk/src/rp2_common/pico_stdio/stdio.c.o
                0x10001af8                stdio_putchar
                0x10001af8                __wrap_putchar
 .text.__wrap_puts
                0x10001b90       0x3c CMakeFiles/bibliotheken.dir/home/momefilo/pico/pico-sdk/src/rp2_common/pico_stdio/stdio.c.o
                0x10001b90                __wrap_puts
                0x10001b90                stdio_puts
 .text.stdio_uart_out_chars
                0x10001bcc       0x4c CMakeFiles/bibliotheken.dir/home/momefilo/pico/pico-sdk/src/rp2_common/pico_stdio_uart/stdio_uart.c.o
 .text.stdio_uart_in_chars
                0x10001c18       0x98 CMakeFiles/bibliotheken.dir/home/momefilo/pico/pico-sdk/src/rp2_common/pico_stdio_uart/stdio_uart.c.o
                0x10001c18                stdio_uart_in_chars
 .text.on_uart_rx
                0x10001cb0       0x28 CMakeFiles/bibliotheken.dir/home/momefilo/pico/pico-sdk/src/rp2_common/pico_stdio_uart/stdio_uart.c.o
 .text.stdio_uart_out_flush
                0x10001cd8       0x14 CMakeFiles/bibliotheken.dir/home/momefilo/pico/pico-sdk/src/rp2_common/pico_stdio_uart/stdio_uart.c.o
 .text.stdio_uart_set_chars_available_callback
                0x10001cec       0x88 CMakeFiles/bibliotheken.dir/home/momefilo/pico/pico-sdk/src/rp2_common/pico_stdio_uart/stdio_uart.c.o
 .text.stdio_uart_init
                0x10001d74       0x50 CMakeFiles/bibliotheken.dir/home/momefilo/pico/pico-sdk/src/rp2_common/pico_stdio_uart/stdio_uart.c.o
                0x10001d74                stdio_uart_init
 .text.sh1106_init
                0x10001dc4      0x138 sh_1106/libsh_1106.a(sh_1106.c.o)
                0x10001dc4                sh1106_init
 .text          0x10001efc       0x5c /usr/lib/gcc/arm-none-eabi/12.2.1/../../../arm-none-eabi/lib/thumb/v6-m/nofp/libg.a(lib_a-strlen-stub.o)
                0x10001efc                strlen
 *(.fini)
 .fini          0x10001f58        0x4 /usr/lib/gcc/arm-none-eabi/12.2.1/thumb/v6-m/nofp/crti.o
                0x10001f58                _fini
 *fill*         0x10001f5c        0x4 
 .fini.__stub   0x10001f60       0x30 linker stubs
 *crtbegin.o(.ctors)
 *crtbegin?.o(.ctors)
 *(EXCLUDE_FILE(*crtend.o *crtend?.o) .ctors)
 *(SORT_BY_NAME(.ctors.*))
 *(.ctors)
 *crtbegin.o(.dtors)
 *crtbegin?.o(.dtors)
 *(EXCLUDE_FILE(*crtend.o *crtend?.o) .dtors)
 *(SORT_BY_NAME(.dtors.*))
 *(.dtors)
                0x10001f90                        . = ALIGN (0x4)
                0x10001f90                        PROVIDE (__preinit_array_start = .)
 *(SORT_BY_NAME(.preinit_array.*))
 .preinit_array.00100
                0x10001f90        0x4 CMakeFiles/bibliotheken.dir/home/momefilo/pico/pico-sdk/src/rp2_common/pico_runtime_init/runtime_init.c.o
                0x10001f90                __pre_init_runtime_init_early_resets
 .preinit_array.00101
                0x10001f94        0x4 CMakeFiles/bibliotheken.dir/home/momefilo/pico/pico-sdk/src/rp2_common/pico_runtime_init/runtime_init.c.o
                0x10001f94                __pre_init_runtime_init_usb_power_down
 .preinit_array.00275
                0x10001f98        0x4 CMakeFiles/bibliotheken.dir/home/momefilo/pico/pico-sdk/src/rp2_common/pico_bit_ops/bit_ops_aeabi.S.o
 .preinit_array.00300
                0x10001f9c        0x4 CMakeFiles/bibliotheken.dir/home/momefilo/pico/pico-sdk/src/rp2_common/pico_mem_ops/mem_ops_aeabi.S.o
 .preinit_array.00350
                0x10001fa0        0x4 CMakeFiles/bibliotheken.dir/home/momefilo/pico/pico-sdk/src/rp2_common/pico_double/double_aeabi_rp2040.S.o
 .preinit_array.00350
                0x10001fa4        0x4 CMakeFiles/bibliotheken.dir/home/momefilo/pico/pico-sdk/src/rp2_common/pico_float/float_aeabi_rp2040.S.o
 .preinit_array.00500
                0x10001fa8        0x4 CMakeFiles/bibliotheken.dir/home/momefilo/pico/pico-sdk/src/rp2_common/pico_runtime_init/runtime_init.c.o
                0x10001fa8                __pre_init_runtime_init_clocks
 .preinit_array.00600
                0x10001fac        0x4 CMakeFiles/bibliotheken.dir/home/momefilo/pico/pico-sdk/src/rp2_common/pico_runtime_init/runtime_init.c.o
                0x10001fac                __pre_init_runtime_init_post_clock_resets
 .preinit_array.00700
                0x10001fb0        0x4 CMakeFiles/bibliotheken.dir/home/momefilo/pico/pico-sdk/src/rp2_common/pico_runtime_init/runtime_init.c.o
                0x10001fb0                __pre_init_runtime_init_rp2040_gpio_ie_disable
 .preinit_array.01000
                0x10001fb4        0x4 CMakeFiles/bibliotheken.dir/home/momefilo/pico/pico-sdk/src/rp2_common/pico_runtime_init/runtime_init.c.o
                0x10001fb4                __pre_init_runtime_init_spin_locks_reset
 .preinit_array.01100
                0x10001fb8        0x4 CMakeFiles/bibliotheken.dir/home/momefilo/pico/pico-sdk/src/common/pico_sync/mutex.c.o
                0x10001fb8                __pre_init_runtime_init_mutex
 .preinit_array.10080
                0x10001fbc        0x4 CMakeFiles/bibliotheken.dir/home/momefilo/pico/pico-sdk/src/rp2_common/pico_runtime_init/runtime_init.c.o
                0x10001fbc                __pre_init_runtime_init_install_ram_vector_table
 .preinit_array.11000
                0x10001fc0        0x4 CMakeFiles/bibliotheken.dir/home/momefilo/pico/pico-sdk/src/common/pico_time/time.c.o
                0x10001fc0                __pre_init_runtime_init_default_alarm_pool
 .preinit_array.YYYYY
                0x10001fc4        0x4 CMakeFiles/bibliotheken.dir/home/momefilo/pico/pico-sdk/src/rp2_common/pico_runtime/runtime.c.o
                0x10001fc4                __pre_init_first_per_core_initializer
 .preinit_array.ZZZZZ.01200
                0x10001fc8        0x4 CMakeFiles/bibliotheken.dir/home/momefilo/pico/pico-sdk/src/rp2_common/hardware_irq/irq.c.o
                0x10001fc8                __pre_init_runtime_init_per_core_irq_priorities
 *(.preinit_array)
                0x10001fcc                        PROVIDE (__preinit_array_end = .)
                0x10001fcc                        . = ALIGN (0x4)
                0x10001fcc                        PROVIDE (__init_array_start = .)
 *(SORT_BY_NAME(.init_array.*))
 *(.init_array)
 .init_array    0x10001fcc        0x4 /usr/lib/gcc/arm-none-eabi/12.2.1/thumb/v6-m/nofp/crtbegin.o
                0x10001fd0                        PROVIDE (__init_array_end = .)
                0x10001fd0                        . = ALIGN (0x4)
                0x10001fd0                        PROVIDE (__fini_array_start = .)
 *(SORT_BY_NAME(.fini_array.*))
 *(.fini_array)
                0x10001fd0                        PROVIDE (__fini_array_end = .)
 *(.eh_frame*)
 .eh_frame      0x10001fd0        0x0 /usr/lib/gcc/arm-none-eabi/12.2.1/thumb/v6-m/nofp/crtbegin.o
                0x10001fd0                        . = ALIGN (0x4)

.glue_7         0x10001fd0        0x0
 .glue_7        0x10001fd0        0x0 linker stubs

.glue_7t        0x10001fd0        0x0
 .glue_7t       0x10001fd0        0x0 linker stubs

.vfp11_veneer   0x10001fd0        0x0
 .vfp11_veneer  0x10001fd0        0x0 linker stubs

.v4_bx          0x10001fd0        0x0
 .v4_bx         0x10001fd0        0x0 linker stubs

.iplt           0x10001fd0        0x0
 .iplt          0x10001fd0        0x0 /usr/lib/gcc/arm-none-eabi/12.2.1/thumb/v6-m/nofp/crtbegin.o

.rodata         0x10001fd0      0x128
 *(EXCLUDE_FILE(*libm.a: *libc.a:*lib_a-mem*.o *libgcc.a:) .rodata*)
 .rodata.panic.str1.4
                0x10001fd0       0x12 CMakeFiles/bibliotheken.dir/home/momefilo/pico/pico-sdk/src/rp2_common/pico_platform_panic/panic.c.o
 *fill*         0x10001fe2        0x2 
 .rodata.timer_hardware_alarm_claim.str1.4
                0x10001fe4       0x22 CMakeFiles/bibliotheken.dir/home/momefilo/pico/pico-sdk/src/rp2_common/hardware_timer/timer.c.o
 *fill*         0x10002006        0x2 
 .rodata.hard_assertion_failure.str1.4
                0x10002008        0xc CMakeFiles/bibliotheken.dir/home/momefilo/pico/pico-sdk/src/rp2_common/pico_runtime/runtime.c.o
 .rodata.str1.4
                0x10002014       0x44 CMakeFiles/bibliotheken.dir/home/momefilo/pico/pico-sdk/src/rp2_common/pico_standard_binary_info/standard_binary_info.c.o
 .rodata.__bi_84
                0x10002058        0xc CMakeFiles/bibliotheken.dir/home/momefilo/pico/pico-sdk/src/rp2_common/pico_standard_binary_info/standard_binary_info.c.o
 .rodata.__bi_78
                0x10002064        0xc CMakeFiles/bibliotheken.dir/home/momefilo/pico/pico-sdk/src/rp2_common/pico_standard_binary_info/standard_binary_info.c.o
 .rodata.__bi_54
                0x10002070        0xc CMakeFiles/bibliotheken.dir/home/momefilo/pico/pico-sdk/src/rp2_common/pico_standard_binary_info/standard_binary_info.c.o
 .rodata.__bi_48
                0x1000207c        0xc CMakeFiles/bibliotheken.dir/home/momefilo/pico/pico-sdk/src/rp2_common/pico_standard_binary_info/standard_binary_info.c.o
 .rodata.__bi_42
                0x10002088        0xc CMakeFiles/bibliotheken.dir/home/momefilo/pico/pico-sdk/src/rp2_common/pico_standard_binary_info/standard_binary_info.c.o
 .rodata.__bi_34
                0x10002094        0xc CMakeFiles/bibliotheken.dir/home/momefilo/pico/pico-sdk/src/rp2_common/pico_standard_binary_info/standard_binary_info.c.o
 .rodata.__bi_26
                0x100020a0        0xc CMakeFiles/bibliotheken.dir/home/momefilo/pico/pico-sdk/src/rp2_common/pico_standard_binary_info/standard_binary_info.c.o
 .rodata.crlf_str.0
                0x100020ac        0x2 CMakeFiles/bibliotheken.dir/home/momefilo/pico/pico-sdk/src/rp2_common/pico_stdio/stdio.c.o
 *fill*         0x100020ae        0x2 
 .rodata.str1.4
                0x100020b0       0x2c CMakeFiles/bibliotheken.dir/home/momefilo/pico/pico-sdk/src/rp2_common/pico_stdio_uart/stdio_uart.c.o
 .rodata.__bi_45.4
                0x100020dc        0xc CMakeFiles/bibliotheken.dir/home/momefilo/pico/pico-sdk/src/rp2_common/pico_stdio_uart/stdio_uart.c.o
 .rodata.__bi_49.5
                0x100020e8        0x8 CMakeFiles/bibliotheken.dir/home/momefilo/pico/pico-sdk/src/rp2_common/pico_stdio_uart/stdio_uart.c.o
 .rodata.__bi_50.6
                0x100020f0        0x8 CMakeFiles/bibliotheken.dir/home/momefilo/pico/pico-sdk/src/rp2_common/pico_stdio_uart/stdio_uart.c.o
                0x100020f8                        . = ALIGN (0x4)
 *(SORT_BY_ALIGNMENT(SORT_BY_NAME(.flashdata*)))
                0x100020f8                        . = ALIGN (0x4)

.ARM.extab
 *(.ARM.extab* .gnu.linkonce.armextab.*)
                0x100020f8                        __exidx_start = .

.ARM.exidx
 *(.ARM.exidx* .gnu.linkonce.armexidx.*)
                0x100020f8                        __exidx_end = .
                0x100020f8                        . = ALIGN (0x4)
                0x100020f8                        __binary_info_start = .

.binary_info    0x100020f8       0x28
 *(.binary_info.keep.*)
 .binary_info.keep.__bi_ptr84
                0x100020f8        0x4 CMakeFiles/bibliotheken.dir/home/momefilo/pico/pico-sdk/src/rp2_common/pico_standard_binary_info/standard_binary_info.c.o
 .binary_info.keep.__bi_ptr78
                0x100020fc        0x4 CMakeFiles/bibliotheken.dir/home/momefilo/pico/pico-sdk/src/rp2_common/pico_standard_binary_info/standard_binary_info.c.o
 .binary_info.keep.__bi_ptr54
                0x10002100        0x4 CMakeFiles/bibliotheken.dir/home/momefilo/pico/pico-sdk/src/rp2_common/pico_standard_binary_info/standard_binary_info.c.o
 .binary_info.keep.__bi_ptr48
                0x10002104        0x4 CMakeFiles/bibliotheken.dir/home/momefilo/pico/pico-sdk/src/rp2_common/pico_standard_binary_info/standard_binary_info.c.o
 .binary_info.keep.__bi_ptr42
                0x10002108        0x4 CMakeFiles/bibliotheken.dir/home/momefilo/pico/pico-sdk/src/rp2_common/pico_standard_binary_info/standard_binary_info.c.o
 .binary_info.keep.__bi_ptr34
                0x1000210c        0x4 CMakeFiles/bibliotheken.dir/home/momefilo/pico/pico-sdk/src/rp2_common/pico_standard_binary_info/standard_binary_info.c.o
 .binary_info.keep.__bi_ptr26
                0x10002110        0x4 CMakeFiles/bibliotheken.dir/home/momefilo/pico/pico-sdk/src/rp2_common/pico_standard_binary_info/standard_binary_info.c.o
 *(.binary_info.*)
 .binary_info.__bi_ptr50
                0x10002114        0x4 CMakeFiles/bibliotheken.dir/home/momefilo/pico/pico-sdk/src/rp2_common/pico_stdio_uart/stdio_uart.c.o
 .binary_info.__bi_ptr49
                0x10002118        0x4 CMakeFiles/bibliotheken.dir/home/momefilo/pico/pico-sdk/src/rp2_common/pico_stdio_uart/stdio_uart.c.o
 .binary_info.__bi_ptr45
                0x1000211c        0x4 CMakeFiles/bibliotheken.dir/home/momefilo/pico/pico-sdk/src/rp2_common/pico_stdio_uart/stdio_uart.c.o
                0x10002120                        __binary_info_end = .

.rel.dyn        0x10002120        0x0
 .rel.iplt      0x10002120        0x0 /usr/lib/gcc/arm-none-eabi/12.2.1/thumb/v6-m/nofp/crtbegin.o
                0x10002120                        . = ALIGN (0x4)

.ram_vector_table
                0x20000000       0xc0
 *(.ram_vector_table)
 .ram_vector_table
                0x20000000       0xc0 CMakeFiles/bibliotheken.dir/home/momefilo/pico/pico-sdk/src/rp2_common/pico_runtime_init/runtime_init.c.o
                0x20000000                ram_vector_table

.uninitialized_data
                0x200000c0        0x0
                0x200000c0                        . = ALIGN (0x4)
 *(.uninitialized_data*)

.data           0x200000c0      0x190 load address 0x10002120
                0x200000c0                        __data_start__ = .
 *(vtable)
 *(.time_critical*)
 .time_critical.mutex_try_enter_block_until
                0x200000c0       0x9c CMakeFiles/bibliotheken.dir/home/momefilo/pico/pico-sdk/src/common/pico_sync/mutex.c.o
                0x200000c0                mutex_try_enter_block_until
 .time_critical.mutex_exit
                0x2000015c       0x28 CMakeFiles/bibliotheken.dir/home/momefilo/pico/pico-sdk/src/common/pico_sync/mutex.c.o
                0x2000015c                mutex_exit
 *(.text*)
 .text          0x20000184        0x4 /usr/lib/gcc/arm-none-eabi/12.2.1/thumb/v6-m/nofp/libgcc.a(_dvmd_tls.o)
                0x20000184                __aeabi_ldiv0
                0x20000184                __aeabi_idiv0
 .text.__stub   0x20000188       0x10 linker stubs
                0x20000198                        . = ALIGN (0x4)
 *(.rodata*)
                0x20000198                        . = ALIGN (0x4)
 *(.data*)
 .data.striped_spin_lock_num
                0x20000198        0x1 CMakeFiles/bibliotheken.dir/home/momefilo/pico/pico-sdk/src/rp2_common/hardware_sync/sync.c.o
 *fill*         0x20000199        0x3 
 .data          0x2000019c       0x48 CMakeFiles/bibliotheken.dir/home/momefilo/pico/pico-sdk/src/rp2_common/hardware_irq/irq_handler_chain.S.o
                0x2000019c                irq_handler_chain_slots
                0x200001cc                irq_handler_chain_first_slot
                0x200001d6                irq_handler_chain_remove_tail
 .data.default_alarm_pool
                0x200001e4       0x18 CMakeFiles/bibliotheken.dir/home/momefilo/pico/pico-sdk/src/common/pico_time/time.c.o
 .data.i2c0_inst
                0x200001fc        0x8 CMakeFiles/bibliotheken.dir/home/momefilo/pico/pico-sdk/src/rp2_common/hardware_i2c/i2c.c.o
                0x200001fc                i2c0_inst
 *fill*         0x20000204        0xc 
 .data.aeabi_bits_funcs
                0x20000210       0x10 CMakeFiles/bibliotheken.dir/home/momefilo/pico/pico-sdk/src/rp2_common/pico_bit_ops/bit_ops_aeabi.S.o
                0x20000210                aeabi_bits_funcs
                0x20000220                aeabi_bits_funcs_end
 .data.aeabi_mem_funcs
                0x20000220       0x10 CMakeFiles/bibliotheken.dir/home/momefilo/pico/pico-sdk/src/rp2_common/pico_mem_ops/mem_ops_aeabi.S.o
                0x20000220                aeabi_mem_funcs
                0x20000230                aeabi_mem_funcs_end
 .data.stdio_uart
                0x20000230       0x18 CMakeFiles/bibliotheken.dir/home/momefilo/pico/pico-sdk/src/rp2_common/pico_stdio_uart/stdio_uart.c.o
                0x20000230                stdio_uart
                0x20000248                        . = ALIGN (0x4)
 *(.after_data.*)
                0x20000248                        . = ALIGN (0x4)
                0x20000248                        PROVIDE (__mutex_array_start = .)
 *(SORT_BY_NAME(.mutex_array.*))
 *(.mutex_array)
 .mutex_array   0x20000248        0x8 CMakeFiles/bibliotheken.dir/home/momefilo/pico/pico-sdk/src/rp2_common/pico_stdio/stdio.c.o
                0x20000250                        PROVIDE (__mutex_array_end = .)
                0x20000250                        . = ALIGN (0x4)
 *(.jcr)
                0x20000250                        . = ALIGN (0x4)

.tm_clone_table
                0x20000250        0x0 load address 0x100022b0
 .tm_clone_table
                0x20000250        0x0 /usr/lib/gcc/arm-none-eabi/12.2.1/thumb/v6-m/nofp/crtbegin.o
 .tm_clone_table
                0x20000250        0x0 /usr/lib/gcc/arm-none-eabi/12.2.1/thumb/v6-m/nofp/crtend.o

.igot.plt       0x20000250        0x0 load address 0x100022b0
 .igot.plt      0x20000250        0x0 /usr/lib/gcc/arm-none-eabi/12.2.1/thumb/v6-m/nofp/crtbegin.o

.tdata          0x20000250        0x0 load address 0x100022b0
                0x20000250                        . = ALIGN (0x4)
 *(.tdata .tdata.* .gnu.linkonce.td.*)
                0x20000250                        __tdata_end = .
                0x20000250                        PROVIDE (__data_end__ = .)
                0x10002120                        __etext = LOADADDR (.data)

.tbss           0x20000250        0x0 load address 0x100022b0
                0x20000250                        . = ALIGN (0x4)
                0x20000250                        __bss_start__ = .
                0x20000250                        __tls_base = .
 *(.tbss .tbss.* .gnu.linkonce.tb.*)
 *(.tcommon)
                0x20000250                        __tls_end = .

.bss            0x20000250      0x400 load address 0x100022b0
                0x20000250                        . = ALIGN (0x4)
                0x20000250                        __tbss_end = .
 *(SORT_BY_ALIGNMENT(SORT_BY_NAME(.bss*)))
 .bss.default_alarm_pool_entries
                0x20000250      0x180 CMakeFiles/bibliotheken.dir/home/momefilo/pico/pico-sdk/src/common/pico_time/time.c.o
 .bss.sd_table  0x200003d0      0x100 CMakeFiles/bibliotheken.dir/home/momefilo/pico/pico-sdk/src/rp2_common/pico_double/double_init_rom_rp2040.c.o
                0x200003d0                sd_table
 .bss.sf_table  0x200004d0      0x100 CMakeFiles/bibliotheken.dir/home/momefilo/pico/pico-sdk/src/rp2_common/pico_float/float_init_rom_rp2040.c.o
                0x200004d0                sf_table
 .bss           0x200005d0       0x1c /usr/lib/gcc/arm-none-eabi/12.2.1/thumb/v6-m/nofp/crtbegin.o
 .bss.chars_available_callback
                0x200005ec        0x4 CMakeFiles/bibliotheken.dir/home/momefilo/pico/pico-sdk/src/rp2_common/pico_stdio_uart/stdio_uart.c.o
 .bss.chars_available_param
                0x200005f0        0x4 CMakeFiles/bibliotheken.dir/home/momefilo/pico/pico-sdk/src/rp2_common/pico_stdio_uart/stdio_uart.c.o
 .bss.claimed   0x200005f4        0x1 CMakeFiles/bibliotheken.dir/home/momefilo/pico/pico-sdk/src/rp2_common/hardware_timer/timer.c.o
 *fill*         0x200005f5        0x3 
 .bss.configured_freq
                0x200005f8       0x28 CMakeFiles/bibliotheken.dir/home/momefilo/pico/pico-sdk/src/rp2_common/hardware_clocks/clocks.c.o
 .bss.drivers   0x20000620        0x4 CMakeFiles/bibliotheken.dir/home/momefilo/pico/pico-sdk/src/rp2_common/pico_stdio/stdio.c.o
 .bss.filter    0x20000624        0x4 CMakeFiles/bibliotheken.dir/home/momefilo/pico/pico-sdk/src/rp2_common/pico_stdio/stdio.c.o
 .bss.lazy_vsnprintf
                0x20000628        0x4 CMakeFiles/bibliotheken.dir/home/momefilo/pico/pico-sdk/src/rp2_common/pico_printf/printf.c.o
 .bss.pools     0x2000062c       0x10 CMakeFiles/bibliotheken.dir/home/momefilo/pico/pico-sdk/src/common/pico_time/time.c.o
 .bss.sf_clz_func
                0x2000063c        0x4 CMakeFiles/bibliotheken.dir/home/momefilo/pico/pico-sdk/src/rp2_common/pico_double/double_init_rom_rp2040.c.o
                0x2000063c                sf_clz_func
 .bss.sleep_notifier
                0x20000640        0x4 CMakeFiles/bibliotheken.dir/home/momefilo/pico/pico-sdk/src/common/pico_time/time.c.o
 .bss.uart_char_to_line_feed
                0x20000644        0x4 CMakeFiles/bibliotheken.dir/home/momefilo/pico/pico-sdk/src/rp2_common/hardware_uart/uart.c.o
                0x20000644                uart_char_to_line_feed
 .bss.uart_instance
                0x20000648        0x4 CMakeFiles/bibliotheken.dir/home/momefilo/pico/pico-sdk/src/rp2_common/pico_stdio_uart/stdio_uart.c.o
 .bss.irq_handler_chain_free_slot_head
                0x2000064c        0x1 CMakeFiles/bibliotheken.dir/home/momefilo/pico/pico-sdk/src/rp2_common/hardware_irq/irq.c.o
 *(COMMON)
                0x20000650                        . = ALIGN (0x4)
 *fill*         0x2000064d        0x3 
                0x20000650                        __bss_end__ = .

.heap           0x20000650      0x800 load address 0x100022b0
                0x20000650                        __end__ = .
                0x20000650                        end = __end__
 *(.heap*)
 .heap          0x20000650      0x800 CMakeFiles/bibliotheken.dir/home/momefilo/pico/pico-sdk/src/rp2_common/pico_crt0/crt0.S.o
                0x20040000                        __HeapLimit = (ORIGIN (RAM) + LENGTH (RAM))

.scratch_x      0x20040000        0x0 load address 0x100022b0
                0x20040000                        __scratch_x_start__ = .
 *(.scratch_x.*)
                0x20040000                        . = ALIGN (0x4)
                0x20040000                        __scratch_x_end__ = .
                0x100022b0                        __scratch_x_source__ = LOADADDR (.scratch_x)

.scratch_y      0x20041000        0x0 load address 0x100022b0
                0x20041000                        __scratch_y_start__ = .
 *(.scratch_y.*)
                0x20041000                        . = ALIGN (0x4)
                0x20041000                        __scratch_y_end__ = .
                0x100022b0                        __scratch_y_source__ = LOADADDR (.scratch_y)

.stack1_dummy
 *(.stack1*)

.stack_dummy    0x20041000      0x800
 *(.stack*)
 .stack         0x20041000      0x800 CMakeFiles/bibliotheken.dir/home/momefilo/pico/pico-sdk/src/rp2_common/pico_crt0/crt0.S.o

.flash_end      0x100022b0        0x0
 *(.embedded_end_block*)
                0x100022b0                        PROVIDE (__flash_binary_end = .)
                0x20040000                        __StackLimit = (ORIGIN (RAM) + LENGTH (RAM))
                0x20041000                        __StackOneTop = (ORIGIN (SCRATCH_X) + LENGTH (SCRATCH_X))
                0x20042000                        __StackTop = (ORIGIN (SCRATCH_Y) + LENGTH (SCRATCH_Y))
                0x20041000                        __StackOneBottom = (__StackOneTop - SIZEOF (.stack1_dummy))
                0x20041800                        __StackBottom = (__StackTop - SIZEOF (.stack_dummy))
                0x20042000                        PROVIDE (__stack = __StackTop)
                [!provide]                        PROVIDE (__heap_start = __end__)
                [!provide]                        PROVIDE (__heap_end = __HeapLimit)
                [!provide]                        PROVIDE (__tls_align = MAX (ALIGNOF (.tdata), ALIGNOF (.tbss)))
                [!provide]                        PROVIDE (__tls_size_align = (((__tls_size + __tls_align) - 0x1) & ~ ((__tls_align - 0x1))))
                [!provide]                        PROVIDE (__arm32_tls_tcb_offset = MAX (0x8, __tls_align))
                [!provide]                        PROVIDE (_end = __end__)
                [!provide]                        PROVIDE (__llvm_libc_heap_limit = __HeapLimit)
                0x00000001                        ASSERT ((__StackLimit >= __HeapLimit), region RAM overflowed)
                0x00000001                        ASSERT (((__binary_info_header_end - __logical_binary_start) <= 0x100), Binary info must be in first 256 bytes of the binary)
LOAD CMakeFiles/bibliotheken.dir/bibliotheken.c.o
LOAD CMakeFiles/bibliotheken.dir/home/momefilo/pico/pico-sdk/src/rp2_common/hardware_gpio/gpio.c.o
LOAD CMakeFiles/bibliotheken.dir/home/momefilo/pico/pico-sdk/src/rp2040/pico_platform/platform.c.o
LOAD CMakeFiles/bibliotheken.dir/home/momefilo/pico/pico-sdk/src/rp2_common/pico_platform_panic/panic.c.o
LOAD CMakeFiles/bibliotheken.dir/home/momefilo/pico/pico-sdk/src/common/hardware_claim/claim.c.o
LOAD CMakeFiles/bibliotheken.dir/home/momefilo/pico/pico-sdk/src/rp2_common/hardware_sync/sync.c.o
LOAD CMakeFiles/bibliotheken.dir/home/momefilo/pico/pico-sdk/src/rp2_common/hardware_sync_spin_lock/sync_spin_lock.c.o
LOAD CMakeFiles/bibliotheken.dir/home/momefilo/pico/pico-sdk/src/rp2_common/hardware_irq/irq.c.o
LOAD CMakeFiles/bibliotheken.dir/home/momefilo/pico/pico-sdk/src/rp2_common/hardware_irq/irq_handler_chain.S.o
LOAD CMakeFiles/bibliotheken.dir/home/momefilo/pico/pico-sdk/src/common/pico_sync/sem.c.o
LOAD CMakeFiles/bibliotheken.dir/home/momefilo/pico/pico-sdk/src/common/pico_sync/lock_core.c.o
LOAD CMakeFiles/bibliotheken.dir/home/momefilo/pico/pico-sdk/src/common/pico_sync/mutex.c.o
LOAD CMakeFiles/bibliotheken.dir/home/momefilo/pico/pico-sdk/src/common/pico_sync/critical_section.c.o
LOAD CMakeFiles/bibliotheken.dir/home/momefilo/pico/pico-sdk/src/common/pico_time/time.c.o
LOAD CMakeFiles/bibliotheken.dir/home/momefilo/pico/pico-sdk/src/common/pico_time/timeout_helper.c.o
LOAD CMakeFiles/bibliotheken.dir/home/momefilo/pico/pico-sdk/src/rp2_common/hardware_timer/timer.c.o
LOAD CMakeFiles/bibliotheken.dir/home/momefilo/pico/pico-sdk/src/common/pico_util/datetime.c.o
LOAD CMakeFiles/bibliotheken.dir/home/momefilo/pico/pico-sdk/src/common/pico_util/pheap.c.o
LOAD CMakeFiles/bibliotheken.dir/home/momefilo/pico/pico-sdk/src/common/pico_util/queue.c.o
LOAD CMakeFiles/bibliotheken.dir/home/momefilo/pico/pico-sdk/src/rp2_common/hardware_i2c/i2c.c.o
LOAD CMakeFiles/bibliotheken.dir/home/momefilo/pico/pico-sdk/src/rp2_common/hardware_clocks/clocks.c.o
LOAD CMakeFiles/bibliotheken.dir/home/momefilo/pico/pico-sdk/src/rp2_common/hardware_pll/pll.c.o
LOAD CMakeFiles/bibliotheken.dir/home/momefilo/pico/pico-sdk/src/rp2_common/hardware_vreg/vreg.c.o
LOAD CMakeFiles/bibliotheken.dir/home/momefilo/pico/pico-sdk/src/rp2_common/hardware_watchdog/watchdog.c.o
LOAD CMakeFiles/bibliotheken.dir/home/momefilo/pico/pico-sdk/src/rp2_common/hardware_ticks/ticks.c.o
LOAD CMakeFiles/bibliotheken.dir/home/momefilo/pico/pico-sdk/src/rp2_common/pico_bootrom/bootrom.c.o
LOAD CMakeFiles/bibliotheken.dir/home/momefilo/pico/pico-sdk/src/rp2_common/pico_bootrom/bootrom_lock.c.o
LOAD CMakeFiles/bibliotheken.dir/home/momefilo/pico/pico-sdk/src/rp2_common/hardware_boot_lock/boot_lock.c.o
LOAD CMakeFiles/bibliotheken.dir/home/momefilo/pico/pico-sdk/src/rp2_common/pico_flash/flash.c.o
LOAD CMakeFiles/bibliotheken.dir/home/momefilo/pico/pico-sdk/src/rp2_common/hardware_xosc/xosc.c.o
LOAD CMakeFiles/bibliotheken.dir/home/momefilo/pico/pico-sdk/src/rp2_common/pico_stdlib/stdlib.c.o
LOAD CMakeFiles/bibliotheken.dir/home/momefilo/pico/pico-sdk/src/rp2_common/hardware_uart/uart.c.o
LOAD CMakeFiles/bibliotheken.dir/home/momefilo/pico/pico-sdk/src/rp2_common/hardware_divider/divider.S.o
LOAD CMakeFiles/bibliotheken.dir/home/momefilo/pico/pico-sdk/src/rp2_common/pico_runtime/runtime.c.o
LOAD CMakeFiles/bibliotheken.dir/home/momefilo/pico/pico-sdk/src/rp2_common/pico_runtime_init/runtime_init.c.o
LOAD CMakeFiles/bibliotheken.dir/home/momefilo/pico/pico-sdk/src/rp2_common/pico_runtime_init/runtime_init_clocks.c.o
LOAD CMakeFiles/bibliotheken.dir/home/momefilo/pico/pico-sdk/src/rp2_common/pico_runtime_init/runtime_init_stack_guard.c.o
LOAD CMakeFiles/bibliotheken.dir/home/momefilo/pico/pico-sdk/src/rp2_common/pico_bit_ops/bit_ops_aeabi.S.o
LOAD CMakeFiles/bibliotheken.dir/home/momefilo/pico/pico-sdk/src/rp2_common/pico_divider/divider_hardware.S.o
LOAD CMakeFiles/bibliotheken.dir/home/momefilo/pico/pico-sdk/src/rp2_common/pico_double/double_aeabi_rp2040.S.o
LOAD CMakeFiles/bibliotheken.dir/home/momefilo/pico/pico-sdk/src/rp2_common/pico_double/double_init_rom_rp2040.c.o
LOAD CMakeFiles/bibliotheken.dir/home/momefilo/pico/pico-sdk/src/rp2_common/pico_double/double_math.c.o
LOAD CMakeFiles/bibliotheken.dir/home/momefilo/pico/pico-sdk/src/rp2_common/pico_double/double_v1_rom_shim_rp2040.S.o
LOAD CMakeFiles/bibliotheken.dir/home/momefilo/pico/pico-sdk/src/rp2_common/pico_int64_ops/pico_int64_ops_aeabi.S.o
LOAD CMakeFiles/bibliotheken.dir/home/momefilo/pico/pico-sdk/src/rp2_common/pico_float/float_aeabi_rp2040.S.o
LOAD CMakeFiles/bibliotheken.dir/home/momefilo/pico/pico-sdk/src/rp2_common/pico_float/float_init_rom_rp2040.c.o
LOAD CMakeFiles/bibliotheken.dir/home/momefilo/pico/pico-sdk/src/rp2_common/pico_float/float_math.c.o
LOAD CMakeFiles/bibliotheken.dir/home/momefilo/pico/pico-sdk/src/rp2_common/pico_float/float_v1_rom_shim_rp2040.S.o
LOAD CMakeFiles/bibliotheken.dir/home/momefilo/pico/pico-sdk/src/rp2_common/pico_malloc/malloc.c.o
LOAD CMakeFiles/bibliotheken.dir/home/momefilo/pico/pico-sdk/src/rp2_common/pico_mem_ops/mem_ops_aeabi.S.o
LOAD CMakeFiles/bibliotheken.dir/home/momefilo/pico/pico-sdk/src/rp2_common/pico_atomic/atomic.c.o
LOAD CMakeFiles/bibliotheken.dir/home/momefilo/pico/pico-sdk/src/rp2_common/pico_cxx_options/new_delete.cpp.o
LOAD CMakeFiles/bibliotheken.dir/home/momefilo/pico/pico-sdk/src/rp2_common/pico_standard_binary_info/standard_binary_info.c.o
LOAD CMakeFiles/bibliotheken.dir/home/momefilo/pico/pico-sdk/src/rp2_common/pico_printf/printf.c.o
LOAD CMakeFiles/bibliotheken.dir/home/momefilo/pico/pico-sdk/src/rp2_common/pico_crt0/crt0.S.o
LOAD CMakeFiles/bibliotheken.dir/home/momefilo/pico/pico-sdk/src/rp2_common/pico_clib_interface/newlib_interface.c.o
LOAD CMakeFiles/bibliotheken.dir/home/momefilo/pico/pico-sdk/src/rp2_common/pico_stdio/stdio.c.o
LOAD CMakeFiles/bibliotheken.dir/home/momefilo/pico/pico-sdk/src/rp2_common/pico_stdio_uart/stdio_uart.c.o
LOAD CMakeFiles/bibliotheken.dir/home/momefilo/pico/pico-sdk/src/rp2_common/hardware_spi/spi.c.o
LOAD CMakeFiles/bibliotheken.dir/home/momefilo/pico/pico-sdk/src/rp2_common/hardware_flash/flash.c.o
LOAD CMakeFiles/bibliotheken.dir/home/momefilo/pico/pico-sdk/src/rp2_common/hardware_xip_cache/xip_cache.c.o
LOAD pico-sdk/src/rp2040/boot_stage2/CMakeFiles/bs2_default_library.dir/bs2_default_padded_checksummed.S.o
LOAD sh_1106/libsh_1106.a
LOAD drehgeber/libdrehgeber.a
LOAD buttons/libbuttons.a
LOAD ili_9341/libili_9341.a
LOAD buzzer_sound/libbuzzer_sound.a
LOAD momefilo_flash/libmomefilo_flash.a
LOAD /usr/lib/gcc/arm-none-eabi/12.2.1/../../../arm-none-eabi/lib/thumb/v6-m/nofp/libstdc++.a
LOAD /usr/lib/gcc/arm-none-eabi/12.2.1/../../../arm-none-eabi/lib/thumb/v6-m/nofp/libm.a
START GROUP
LOAD /usr/lib/gcc/arm-none-eabi/12.2.1/thumb/v6-m/nofp/libgcc.a
LOAD /usr/lib/gcc/arm-none-eabi/12.2.1/../../../arm-none-eabi/lib/thumb/v6-m/nofp/libg.a
LOAD /usr/lib/gcc/arm-none-eabi/12.2.1/../../../arm-none-eabi/lib/thumb/v6-m/nofp/libc.a
END GROUP
START GROUP
LOAD /usr/lib/gcc/arm-none-eabi/12.2.1/thumb/v6-m/nofp/libgcc.a
LOAD /usr/lib/gcc/arm-none-eabi/12.2.1/../../../arm-none-eabi/lib/thumb/v6-m/nofp/libc.a
LOAD /usr/lib/gcc/arm-none-eabi/12.2.1/../../../arm-none-eabi/lib/thumb/v6-m/nofp/libnosys.a
END GROUP
LOAD /usr/lib/gcc/arm-none-eabi/12.2.1/thumb/v6-m/nofp/crtend.o
LOAD /usr/lib/gcc/arm-none-eabi/12.2.1/thumb/v6-m/nofp/crtn.o
OUTPUT(bibliotheken.elf elf32-littlearm)
LOAD linker stubs

.ARM.attributes
                0x00000000       0x28
 .ARM.attributes
                0x00000000       0x1e /usr/lib/gcc/arm-none-eabi/12.2.1/thumb/v6-m/nofp/crti.o
 .ARM.attributes
                0x0000001e       0x2c /usr/lib/gcc/arm-none-eabi/12.2.1/thumb/v6-m/nofp/crtbegin.o
 .ARM.attributes
                0x0000004a       0x2c CMakeFiles/bibliotheken.dir/bibliotheken.c.o
 .ARM.attributes
                0x00000076       0x2c CMakeFiles/bibliotheken.dir/home/momefilo/pico/pico-sdk/src/rp2_common/hardware_gpio/gpio.c.o
 .ARM.attributes
                0x000000a2       0x2c CMakeFiles/bibliotheken.dir/home/momefilo/pico/pico-sdk/src/rp2_common/pico_platform_panic/panic.c.o
 .ARM.attributes
                0x000000ce       0x2c CMakeFiles/bibliotheken.dir/home/momefilo/pico/pico-sdk/src/common/hardware_claim/claim.c.o
 .ARM.attributes
                0x000000fa       0x2c CMakeFiles/bibliotheken.dir/home/momefilo/pico/pico-sdk/src/rp2_common/hardware_sync/sync.c.o
 .ARM.attributes
                0x00000126       0x2c CMakeFiles/bibliotheken.dir/home/momefilo/pico/pico-sdk/src/rp2_common/hardware_sync_spin_lock/sync_spin_lock.c.o
 .ARM.attributes
                0x00000152       0x2c CMakeFiles/bibliotheken.dir/home/momefilo/pico/pico-sdk/src/rp2_common/hardware_irq/irq.c.o
 .ARM.attributes
                0x0000017e       0x22 CMakeFiles/bibliotheken.dir/home/momefilo/pico/pico-sdk/src/rp2_common/hardware_irq/irq_handler_chain.S.o
 .ARM.attributes
                0x000001a0       0x2c CMakeFiles/bibliotheken.dir/home/momefilo/pico/pico-sdk/src/common/pico_sync/lock_core.c.o
 .ARM.attributes
                0x000001cc       0x2c CMakeFiles/bibliotheken.dir/home/momefilo/pico/pico-sdk/src/common/pico_sync/mutex.c.o
 .ARM.attributes
                0x000001f8       0x2c CMakeFiles/bibliotheken.dir/home/momefilo/pico/pico-sdk/src/common/pico_time/time.c.o
 .ARM.attributes
                0x00000224       0x2c CMakeFiles/bibliotheken.dir/home/momefilo/pico/pico-sdk/src/rp2_common/hardware_timer/timer.c.o
 .ARM.attributes
                0x00000250       0x2c CMakeFiles/bibliotheken.dir/home/momefilo/pico/pico-sdk/src/rp2_common/hardware_i2c/i2c.c.o
 .ARM.attributes
                0x0000027c       0x2c CMakeFiles/bibliotheken.dir/home/momefilo/pico/pico-sdk/src/rp2_common/hardware_clocks/clocks.c.o
 .ARM.attributes
                0x000002a8       0x2c CMakeFiles/bibliotheken.dir/home/momefilo/pico/pico-sdk/src/rp2_common/hardware_pll/pll.c.o
 .ARM.attributes
                0x000002d4       0x2c CMakeFiles/bibliotheken.dir/home/momefilo/pico/pico-sdk/src/rp2_common/hardware_ticks/ticks.c.o
 .ARM.attributes
                0x00000300       0x2c CMakeFiles/bibliotheken.dir/home/momefilo/pico/pico-sdk/src/rp2_common/pico_bootrom/bootrom.c.o
 .ARM.attributes
                0x0000032c       0x2c CMakeFiles/bibliotheken.dir/home/momefilo/pico/pico-sdk/src/rp2_common/hardware_xosc/xosc.c.o
 .ARM.attributes
                0x00000358       0x2c CMakeFiles/bibliotheken.dir/home/momefilo/pico/pico-sdk/src/rp2_common/hardware_uart/uart.c.o
 .ARM.attributes
                0x00000384       0x2c CMakeFiles/bibliotheken.dir/home/momefilo/pico/pico-sdk/src/rp2_common/pico_runtime/runtime.c.o
 .ARM.attributes
                0x000003b0       0x2c CMakeFiles/bibliotheken.dir/home/momefilo/pico/pico-sdk/src/rp2_common/pico_runtime_init/runtime_init.c.o
 .ARM.attributes
                0x000003dc       0x2c CMakeFiles/bibliotheken.dir/home/momefilo/pico/pico-sdk/src/rp2_common/pico_runtime_init/runtime_init_clocks.c.o
 .ARM.attributes
                0x00000408       0x22 CMakeFiles/bibliotheken.dir/home/momefilo/pico/pico-sdk/src/rp2_common/pico_bit_ops/bit_ops_aeabi.S.o
 .ARM.attributes
                0x0000042a       0x22 CMakeFiles/bibliotheken.dir/home/momefilo/pico/pico-sdk/src/rp2_common/pico_divider/divider_hardware.S.o
 .ARM.attributes
                0x0000044c       0x22 CMakeFiles/bibliotheken.dir/home/momefilo/pico/pico-sdk/src/rp2_common/pico_double/double_aeabi_rp2040.S.o
 .ARM.attributes
                0x0000046e       0x2c CMakeFiles/bibliotheken.dir/home/momefilo/pico/pico-sdk/src/rp2_common/pico_double/double_init_rom_rp2040.c.o
 .ARM.attributes
                0x0000049a       0x22 CMakeFiles/bibliotheken.dir/home/momefilo/pico/pico-sdk/src/rp2_common/pico_double/double_v1_rom_shim_rp2040.S.o
 .ARM.attributes
                0x000004bc       0x22 CMakeFiles/bibliotheken.dir/home/momefilo/pico/pico-sdk/src/rp2_common/pico_float/float_aeabi_rp2040.S.o
 .ARM.attributes
                0x000004de       0x2c CMakeFiles/bibliotheken.dir/home/momefilo/pico/pico-sdk/src/rp2_common/pico_float/float_init_rom_rp2040.c.o
 .ARM.attributes
                0x0000050a       0x22 CMakeFiles/bibliotheken.dir/home/momefilo/pico/pico-sdk/src/rp2_common/pico_float/float_v1_rom_shim_rp2040.S.o
 .ARM.attributes
                0x0000052c       0x22 CMakeFiles/bibliotheken.dir/home/momefilo/pico/pico-sdk/src/rp2_common/pico_mem_ops/mem_ops_aeabi.S.o
 .ARM.attributes
                0x0000054e       0x2c CMakeFiles/bibliotheken.dir/home/momefilo/pico/pico-sdk/src/rp2_common/pico_standard_binary_info/standard_binary_info.c.o
 .ARM.attributes
                0x0000057a       0x2c CMakeFiles/bibliotheken.dir/home/momefilo/pico/pico-sdk/src/rp2_common/pico_printf/printf.c.o
 .ARM.attributes
                0x000005a6       0x22 CMakeFiles/bibliotheken.dir/home/momefilo/pico/pico-sdk/src/rp2_common/pico_crt0/crt0.S.o
 .ARM.attributes
                0x000005c8       0x2c CMakeFiles/bibliotheken.dir/home/momefilo/pico/pico-sdk/src/rp2_common/pico_clib_interface/newlib_interface.c.o
 .ARM.attributes
                0x000005f4       0x2c CMakeFiles/bibliotheken.dir/home/momefilo/pico/pico-sdk/src/rp2_common/pico_stdio/stdio.c.o
 .ARM.attributes
                0x00000620       0x2c CMakeFiles/bibliotheken.dir/home/momefilo/pico/pico-sdk/src/rp2_common/pico_stdio_uart/stdio_uart.c.o
 .ARM.attributes
                0x0000064c       0x22 pico-sdk/src/rp2040/boot_stage2/CMakeFiles/bs2_default_library.dir/bs2_default_padded_checksummed.S.o
 .ARM.attributes
                0x0000066e       0x2c sh_1106/libsh_1106.a(sh_1106.c.o)
 .ARM.attributes
                0x0000069a       0x1e /usr/lib/gcc/arm-none-eabi/12.2.1/thumb/v6-m/nofp/libgcc.a(_dvmd_tls.o)
 .ARM.attributes
                0x000006b8       0x2c /usr/lib/gcc/arm-none-eabi/12.2.1/../../../arm-none-eabi/lib/thumb/v6-m/nofp/libg.a(lib_a-strlen-stub.o)
 .ARM.attributes
                0x000006e4       0x2c /usr/lib/gcc/arm-none-eabi/12.2.1/thumb/v6-m/nofp/crtend.o

.comment        0x00000000       0x26
 .comment       0x00000000       0x26 /usr/lib/gcc/arm-none-eabi/12.2.1/thumb/v6-m/nofp/crtbegin.o
                                 0x27 (size before relaxing)
 .comment       0x00000026       0x27 CMakeFiles/bibliotheken.dir/bibliotheken.c.o
 .comment       0x00000026       0x27 CMakeFiles/bibliotheken.dir/home/momefilo/pico/pico-sdk/src/rp2_common/hardware_gpio/gpio.c.o
 .comment       0x00000026       0x27 CMakeFiles/bibliotheken.dir/home/momefilo/pico/pico-sdk/src/rp2_common/pico_platform_panic/panic.c.o
 .comment       0x00000026       0x27 CMakeFiles/bibliotheken.dir/home/momefilo/pico/pico-sdk/src/common/hardware_claim/claim.c.o
 .comment       0x00000026       0x27 CMakeFiles/bibliotheken.dir/home/momefilo/pico/pico-sdk/src/rp2_common/hardware_sync/sync.c.o
 .comment       0x00000026       0x27 CMakeFiles/bibliotheken.dir/home/momefilo/pico/pico-sdk/src/rp2_common/hardware_sync_spin_lock/sync_spin_lock.c.o
 .comment       0x00000026       0x27 CMakeFiles/bibliotheken.dir/home/momefilo/pico/pico-sdk/src/rp2_common/hardware_irq/irq.c.o
 .comment       0x00000026       0x27 CMakeFiles/bibliotheken.dir/home/momefilo/pico/pico-sdk/src/common/pico_sync/lock_core.c.o
 .comment       0x00000026       0x27 CMakeFiles/bibliotheken.dir/home/momefilo/pico/pico-sdk/src/common/pico_sync/mutex.c.o
 .comment       0x00000026       0x27 CMakeFiles/bibliotheken.dir/home/momefilo/pico/pico-sdk/src/common/pico_time/time.c.o
 .comment       0x00000026       0x27 CMakeFiles/bibliotheken.dir/home/momefilo/pico/pico-sdk/src/rp2_common/hardware_timer/timer.c.o
 .comment       0x00000026       0x27 CMakeFiles/bibliotheken.dir/home/momefilo/pico/pico-sdk/src/rp2_common/hardware_i2c/i2c.c.o
 .comment       0x00000026       0x27 CMakeFiles/bibliotheken.dir/home/momefilo/pico/pico-sdk/src/rp2_common/hardware_clocks/clocks.c.o
 .comment       0x00000026       0x27 CMakeFiles/bibliotheken.dir/home/momefilo/pico/pico-sdk/src/rp2_common/hardware_pll/pll.c.o
 .comment       0x00000026       0x27 CMakeFiles/bibliotheken.dir/home/momefilo/pico/pico-sdk/src/rp2_common/hardware_ticks/ticks.c.o
 .comment       0x00000026       0x27 CMakeFiles/bibliotheken.dir/home/momefilo/pico/pico-sdk/src/rp2_common/pico_bootrom/bootrom.c.o
 .comment       0x00000026       0x27 CMakeFiles/bibliotheken.dir/home/momefilo/pico/pico-sdk/src/rp2_common/hardware_xosc/xosc.c.o
 .comment       0x00000026       0x27 CMakeFiles/bibliotheken.dir/home/momefilo/pico/pico-sdk/src/rp2_common/hardware_uart/uart.c.o
 .comment       0x00000026       0x27 CMakeFiles/bibliotheken.dir/home/momefilo/pico/pico-sdk/src/rp2_common/pico_runtime/runtime.c.o
 .comment       0x00000026       0x27 CMakeFiles/bibliotheken.dir/home/momefilo/pico/pico-sdk/src/rp2_common/pico_runtime_init/runtime_init.c.o
 .comment       0x00000026       0x27 CMakeFiles/bibliotheken.dir/home/momefilo/pico/pico-sdk/src/rp2_common/pico_runtime_init/runtime_init_clocks.c.o
 .comment       0x00000026       0x27 CMakeFiles/bibliotheken.dir/home/momefilo/pico/pico-sdk/src/rp2_common/pico_double/double_init_rom_rp2040.c.o
 .comment       0x00000026       0x27 CMakeFiles/bibliotheken.dir/home/momefilo/pico/pico-sdk/src/rp2_common/pico_float/float_init_rom_rp2040.c.o
 .comment       0x00000026       0x27 CMakeFiles/bibliotheken.dir/home/momefilo/pico/pico-sdk/src/rp2_common/pico_standard_binary_info/standard_binary_info.c.o
 .comment       0x00000026       0x27 CMakeFiles/bibliotheken.dir/home/momefilo/pico/pico-sdk/src/rp2_common/pico_printf/printf.c.o
 .comment       0x00000026       0x27 CMakeFiles/bibliotheken.dir/home/momefilo/pico/pico-sdk/src/rp2_common/pico_clib_interface/newlib_interface.c.o
 .comment       0x00000026       0x27 CMakeFiles/bibliotheken.dir/home/momefilo/pico/pico-sdk/src/rp2_common/pico_stdio/stdio.c.o
 .comment       0x00000026       0x27 CMakeFiles/bibliotheken.dir/home/momefilo/pico/pico-sdk/src/rp2_common/pico_stdio_uart/stdio_uart.c.o
 .comment       0x00000026       0x27 sh_1106/libsh_1106.a(sh_1106.c.o)
 .comment       0x00000026       0x27 /usr/lib/gcc/arm-none-eabi/12.2.1/../../../arm-none-eabi/lib/thumb/v6-m/nofp/libg.a(lib_a-strlen-stub.o)
 .comment       0x00000026       0x27 /usr/lib/gcc/arm-none-eabi/12.2.1/thumb/v6-m/nofp/crtend.o

.debug_info     0x00000000    0x2008d
 .debug_info    0x00000000      0x640 CMakeFiles/bibliotheken.dir/bibliotheken.c.o
 .debug_info    0x00000640     0x2427 CMakeFiles/bibliotheken.dir/home/momefilo/pico/pico-sdk/src/rp2_common/hardware_gpio/gpio.c.o
 .debug_info    0x00002a67      0x1bf CMakeFiles/bibliotheken.dir/home/momefilo/pico/pico-sdk/src/rp2_common/pico_platform_panic/panic.c.o
 .debug_info    0x00002c26      0x977 CMakeFiles/bibliotheken.dir/home/momefilo/pico/pico-sdk/src/common/hardware_claim/claim.c.o
 .debug_info    0x0000359d      0x421 CMakeFiles/bibliotheken.dir/home/momefilo/pico/pico-sdk/src/rp2_common/hardware_sync/sync.c.o
 .debug_info    0x000039be      0x239 CMakeFiles/bibliotheken.dir/home/momefilo/pico/pico-sdk/src/rp2_common/hardware_sync_spin_lock/sync_spin_lock.c.o
 .debug_info    0x00003bf7     0x2141 CMakeFiles/bibliotheken.dir/home/momefilo/pico/pico-sdk/src/rp2_common/hardware_irq/irq.c.o
 .debug_info    0x00005d38      0x153 CMakeFiles/bibliotheken.dir/home/momefilo/pico/pico-sdk/src/common/pico_sync/lock_core.c.o
 .debug_info    0x00005e8b     0x27bb CMakeFiles/bibliotheken.dir/home/momefilo/pico/pico-sdk/src/common/pico_sync/mutex.c.o
 .debug_info    0x00008646     0x4805 CMakeFiles/bibliotheken.dir/home/momefilo/pico/pico-sdk/src/common/pico_time/time.c.o
 .debug_info    0x0000ce4b     0x2a97 CMakeFiles/bibliotheken.dir/home/momefilo/pico/pico-sdk/src/rp2_common/hardware_timer/timer.c.o
 .debug_info    0x0000f8e2     0x1c2d CMakeFiles/bibliotheken.dir/home/momefilo/pico/pico-sdk/src/rp2_common/hardware_i2c/i2c.c.o
 .debug_info    0x0001150f     0x28d8 CMakeFiles/bibliotheken.dir/home/momefilo/pico/pico-sdk/src/rp2_common/hardware_clocks/clocks.c.o
 .debug_info    0x00013de7      0x4cd CMakeFiles/bibliotheken.dir/home/momefilo/pico/pico-sdk/src/rp2_common/hardware_pll/pll.c.o
 .debug_info    0x000142b4      0x230 CMakeFiles/bibliotheken.dir/home/momefilo/pico/pico-sdk/src/rp2_common/hardware_ticks/ticks.c.o
 .debug_info    0x000144e4      0x603 CMakeFiles/bibliotheken.dir/home/momefilo/pico/pico-sdk/src/rp2_common/pico_bootrom/bootrom.c.o
 .debug_info    0x00014ae7      0x1b4 CMakeFiles/bibliotheken.dir/home/momefilo/pico/pico-sdk/src/rp2_common/hardware_xosc/xosc.c.o
 .debug_info    0x00014c9b     0x193b CMakeFiles/bibliotheken.dir/home/momefilo/pico/pico-sdk/src/rp2_common/hardware_uart/uart.c.o
 .debug_info    0x000165d6      0x20e CMakeFiles/bibliotheken.dir/home/momefilo/pico/pico-sdk/src/rp2_common/pico_runtime/runtime.c.o
 .debug_info    0x000167e4      0x77d CMakeFiles/bibliotheken.dir/home/momefilo/pico/pico-sdk/src/rp2_common/pico_runtime_init/runtime_init.c.o
 .debug_info    0x00016f61      0x768 CMakeFiles/bibliotheken.dir/home/momefilo/pico/pico-sdk/src/rp2_common/pico_runtime_init/runtime_init_clocks.c.o
 .debug_info    0x000176c9       0x23 CMakeFiles/bibliotheken.dir/home/momefilo/pico/pico-sdk/src/rp2_common/pico_bit_ops/bit_ops_aeabi.S.o
 .debug_info    0x000176ec       0x23 CMakeFiles/bibliotheken.dir/home/momefilo/pico/pico-sdk/src/rp2_common/pico_divider/divider_hardware.S.o
 .debug_info    0x0001770f       0x23 CMakeFiles/bibliotheken.dir/home/momefilo/pico/pico-sdk/src/rp2_common/pico_double/double_aeabi_rp2040.S.o
 .debug_info    0x00017732      0x266 CMakeFiles/bibliotheken.dir/home/momefilo/pico/pico-sdk/src/rp2_common/pico_double/double_init_rom_rp2040.c.o
 .debug_info    0x00017998       0x23 CMakeFiles/bibliotheken.dir/home/momefilo/pico/pico-sdk/src/rp2_common/pico_double/double_v1_rom_shim_rp2040.S.o
 .debug_info    0x000179bb       0x23 CMakeFiles/bibliotheken.dir/home/momefilo/pico/pico-sdk/src/rp2_common/pico_float/float_aeabi_rp2040.S.o
 .debug_info    0x000179de      0x266 CMakeFiles/bibliotheken.dir/home/momefilo/pico/pico-sdk/src/rp2_common/pico_float/float_init_rom_rp2040.c.o
 .debug_info    0x00017c44       0x23 CMakeFiles/bibliotheken.dir/home/momefilo/pico/pico-sdk/src/rp2_common/pico_float/float_v1_rom_shim_rp2040.S.o
 .debug_info    0x00017c67       0x23 CMakeFiles/bibliotheken.dir/home/momefilo/pico/pico-sdk/src/rp2_common/pico_mem_ops/mem_ops_aeabi.S.o
 .debug_info    0x00017c8a      0x288 CMakeFiles/bibliotheken.dir/home/momefilo/pico/pico-sdk/src/rp2_common/pico_standard_binary_info/standard_binary_info.c.o
 .debug_info    0x00017f12     0x212e CMakeFiles/bibliotheken.dir/home/momefilo/pico/pico-sdk/src/rp2_common/pico_printf/printf.c.o
 .debug_info    0x0001a040       0x23 CMakeFiles/bibliotheken.dir/home/momefilo/pico/pico-sdk/src/rp2_common/pico_crt0/crt0.S.o
 .debug_info    0x0001a063      0xb36 CMakeFiles/bibliotheken.dir/home/momefilo/pico/pico-sdk/src/rp2_common/pico_clib_interface/newlib_interface.c.o
 .debug_info    0x0001ab99     0x1ce5 CMakeFiles/bibliotheken.dir/home/momefilo/pico/pico-sdk/src/rp2_common/pico_stdio/stdio.c.o
 .debug_info    0x0001c87e     0x149b CMakeFiles/bibliotheken.dir/home/momefilo/pico/pico-sdk/src/rp2_common/pico_stdio_uart/stdio_uart.c.o
 .debug_info    0x0001dd19     0x2250 sh_1106/libsh_1106.a(sh_1106.c.o)
 .debug_info    0x0001ff69       0x39 /usr/lib/gcc/arm-none-eabi/12.2.1/thumb/v6-m/nofp/libgcc.a(_dvmd_tls.o)
 .debug_info    0x0001ffa2       0xeb /usr/lib/gcc/arm-none-eabi/12.2.1/../../../arm-none-eabi/lib/thumb/v6-m/nofp/libg.a(lib_a-strlen-stub.o)

.debug_abbrev   0x00000000     0x5ad7
 .debug_abbrev  0x00000000      0x1e0 CMakeFiles/bibliotheken.dir/bibliotheken.c.o
 .debug_abbrev  0x000001e0      0x4ef CMakeFiles/bibliotheken.dir/home/momefilo/pico/pico-sdk/src/rp2_common/hardware_gpio/gpio.c.o
 .debug_abbrev  0x000006cf      0x12b CMakeFiles/bibliotheken.dir/home/momefilo/pico/pico-sdk/src/rp2_common/pico_platform_panic/panic.c.o
 .debug_abbrev  0x000007fa      0x33b CMakeFiles/bibliotheken.dir/home/momefilo/pico/pico-sdk/src/common/hardware_claim/claim.c.o
 .debug_abbrev  0x00000b35      0x20d CMakeFiles/bibliotheken.dir/home/momefilo/pico/pico-sdk/src/rp2_common/hardware_sync/sync.c.o
 .debug_abbrev  0x00000d42      0x1bb CMakeFiles/bibliotheken.dir/home/momefilo/pico/pico-sdk/src/rp2_common/hardware_sync_spin_lock/sync_spin_lock.c.o
 .debug_abbrev  0x00000efd      0x5ff CMakeFiles/bibliotheken.dir/home/momefilo/pico/pico-sdk/src/rp2_common/hardware_irq/irq.c.o
 .debug_abbrev  0x000014fc       0xee CMakeFiles/bibliotheken.dir/home/momefilo/pico/pico-sdk/src/common/pico_sync/lock_core.c.o
 .debug_abbrev  0x000015ea      0x48c CMakeFiles/bibliotheken.dir/home/momefilo/pico/pico-sdk/src/common/pico_sync/mutex.c.o
 .debug_abbrev  0x00001a76      0x689 CMakeFiles/bibliotheken.dir/home/momefilo/pico/pico-sdk/src/common/pico_time/time.c.o
 .debug_abbrev  0x000020ff      0x4f2 CMakeFiles/bibliotheken.dir/home/momefilo/pico/pico-sdk/src/rp2_common/hardware_timer/timer.c.o
 .debug_abbrev  0x000025f1      0x489 CMakeFiles/bibliotheken.dir/home/momefilo/pico/pico-sdk/src/rp2_common/hardware_i2c/i2c.c.o
 .debug_abbrev  0x00002a7a      0x4e2 CMakeFiles/bibliotheken.dir/home/momefilo/pico/pico-sdk/src/rp2_common/hardware_clocks/clocks.c.o
 .debug_abbrev  0x00002f5c      0x1d2 CMakeFiles/bibliotheken.dir/home/momefilo/pico/pico-sdk/src/rp2_common/hardware_pll/pll.c.o
 .debug_abbrev  0x0000312e      0x145 CMakeFiles/bibliotheken.dir/home/momefilo/pico/pico-sdk/src/rp2_common/hardware_ticks/ticks.c.o
 .debug_abbrev  0x00003273      0x1d7 CMakeFiles/bibliotheken.dir/home/momefilo/pico/pico-sdk/src/rp2_common/pico_bootrom/bootrom.c.o
 .debug_abbrev  0x0000344a      0x11b CMakeFiles/bibliotheken.dir/home/momefilo/pico/pico-sdk/src/rp2_common/hardware_xosc/xosc.c.o
 .debug_abbrev  0x00003565      0x365 CMakeFiles/bibliotheken.dir/home/momefilo/pico/pico-sdk/src/rp2_common/hardware_uart/uart.c.o
 .debug_abbrev  0x000038ca      0x182 CMakeFiles/bibliotheken.dir/home/momefilo/pico/pico-sdk/src/rp2_common/pico_runtime/runtime.c.o
 .debug_abbrev  0x00003a4c      0x222 CMakeFiles/bibliotheken.dir/home/momefilo/pico/pico-sdk/src/rp2_common/pico_runtime_init/runtime_init.c.o
 .debug_abbrev  0x00003c6e      0x294 CMakeFiles/bibliotheken.dir/home/momefilo/pico/pico-sdk/src/rp2_common/pico_runtime_init/runtime_init_clocks.c.o
 .debug_abbrev  0x00003f02       0x12 CMakeFiles/bibliotheken.dir/home/momefilo/pico/pico-sdk/src/rp2_common/pico_bit_ops/bit_ops_aeabi.S.o
 .debug_abbrev  0x00003f14       0x12 CMakeFiles/bibliotheken.dir/home/momefilo/pico/pico-sdk/src/rp2_common/pico_divider/divider_hardware.S.o
 .debug_abbrev  0x00003f26       0x12 CMakeFiles/bibliotheken.dir/home/momefilo/pico/pico-sdk/src/rp2_common/pico_double/double_aeabi_rp2040.S.o
 .debug_abbrev  0x00003f38      0x17a CMakeFiles/bibliotheken.dir/home/momefilo/pico/pico-sdk/src/rp2_common/pico_double/double_init_rom_rp2040.c.o
 .debug_abbrev  0x000040b2       0x12 CMakeFiles/bibliotheken.dir/home/momefilo/pico/pico-sdk/src/rp2_common/pico_double/double_v1_rom_shim_rp2040.S.o
 .debug_abbrev  0x000040c4       0x12 CMakeFiles/bibliotheken.dir/home/momefilo/pico/pico-sdk/src/rp2_common/pico_float/float_aeabi_rp2040.S.o
 .debug_abbrev  0x000040d6      0x173 CMakeFiles/bibliotheken.dir/home/momefilo/pico/pico-sdk/src/rp2_common/pico_float/float_init_rom_rp2040.c.o
 .debug_abbrev  0x00004249       0x12 CMakeFiles/bibliotheken.dir/home/momefilo/pico/pico-sdk/src/rp2_common/pico_float/float_v1_rom_shim_rp2040.S.o
 .debug_abbrev  0x0000425b       0x12 CMakeFiles/bibliotheken.dir/home/momefilo/pico/pico-sdk/src/rp2_common/pico_mem_ops/mem_ops_aeabi.S.o
 .debug_abbrev  0x0000426d       0xb8 CMakeFiles/bibliotheken.dir/home/momefilo/pico/pico-sdk/src/rp2_common/pico_standard_binary_info/standard_binary_info.c.o
 .debug_abbrev  0x00004325      0x52a CMakeFiles/bibliotheken.dir/home/momefilo/pico/pico-sdk/src/rp2_common/pico_printf/printf.c.o
 .debug_abbrev  0x0000484f       0x12 CMakeFiles/bibliotheken.dir/home/momefilo/pico/pico-sdk/src/rp2_common/pico_crt0/crt0.S.o
 .debug_abbrev  0x00004861      0x352 CMakeFiles/bibliotheken.dir/home/momefilo/pico/pico-sdk/src/rp2_common/pico_clib_interface/newlib_interface.c.o
 .debug_abbrev  0x00004bb3      0x601 CMakeFiles/bibliotheken.dir/home/momefilo/pico/pico-sdk/src/rp2_common/pico_stdio/stdio.c.o
 .debug_abbrev  0x000051b4      0x497 CMakeFiles/bibliotheken.dir/home/momefilo/pico/pico-sdk/src/rp2_common/pico_stdio_uart/stdio_uart.c.o
 .debug_abbrev  0x0000564b      0x3dd sh_1106/libsh_1106.a(sh_1106.c.o)
 .debug_abbrev  0x00005a28       0x1f /usr/lib/gcc/arm-none-eabi/12.2.1/thumb/v6-m/nofp/libgcc.a(_dvmd_tls.o)
 .debug_abbrev  0x00005a47       0x90 /usr/lib/gcc/arm-none-eabi/12.2.1/../../../arm-none-eabi/lib/thumb/v6-m/nofp/libg.a(lib_a-strlen-stub.o)

.debug_loclists
                0x00000000    0x10e06
 .debug_loclists
                0x00000000       0xcc CMakeFiles/bibliotheken.dir/bibliotheken.c.o
 .debug_loclists
                0x000000cc     0x1984 CMakeFiles/bibliotheken.dir/home/momefilo/pico/pico-sdk/src/rp2_common/hardware_gpio/gpio.c.o
 .debug_loclists
                0x00001a50      0x30a CMakeFiles/bibliotheken.dir/home/momefilo/pico/pico-sdk/src/common/hardware_claim/claim.c.o
 .debug_loclists
                0x00001d5a       0xd2 CMakeFiles/bibliotheken.dir/home/momefilo/pico/pico-sdk/src/rp2_common/hardware_sync/sync.c.o
 .debug_loclists
                0x00001e2c       0x77 CMakeFiles/bibliotheken.dir/home/momefilo/pico/pico-sdk/src/rp2_common/hardware_sync_spin_lock/sync_spin_lock.c.o
 .debug_loclists
                0x00001ea3     0x1057 CMakeFiles/bibliotheken.dir/home/momefilo/pico/pico-sdk/src/rp2_common/hardware_irq/irq.c.o
 .debug_loclists
                0x00002efa       0x3b CMakeFiles/bibliotheken.dir/home/momefilo/pico/pico-sdk/src/common/pico_sync/lock_core.c.o
 .debug_loclists
                0x00002f35      0xa9d CMakeFiles/bibliotheken.dir/home/momefilo/pico/pico-sdk/src/common/pico_sync/mutex.c.o
 .debug_loclists
                0x000039d2     0x236d CMakeFiles/bibliotheken.dir/home/momefilo/pico/pico-sdk/src/common/pico_time/time.c.o
 .debug_loclists
                0x00005d3f     0x18c0 CMakeFiles/bibliotheken.dir/home/momefilo/pico/pico-sdk/src/rp2_common/hardware_timer/timer.c.o
 .debug_loclists
                0x000075ff     0x12ab CMakeFiles/bibliotheken.dir/home/momefilo/pico/pico-sdk/src/rp2_common/hardware_i2c/i2c.c.o
 .debug_loclists
                0x000088aa     0x2351 CMakeFiles/bibliotheken.dir/home/momefilo/pico/pico-sdk/src/rp2_common/hardware_clocks/clocks.c.o
 .debug_loclists
                0x0000abfb      0x1a8 CMakeFiles/bibliotheken.dir/home/momefilo/pico/pico-sdk/src/rp2_common/hardware_pll/pll.c.o
 .debug_loclists
                0x0000ada3       0x41 CMakeFiles/bibliotheken.dir/home/momefilo/pico/pico-sdk/src/rp2_common/hardware_ticks/ticks.c.o
 .debug_loclists
                0x0000ade4      0x366 CMakeFiles/bibliotheken.dir/home/momefilo/pico/pico-sdk/src/rp2_common/pico_bootrom/bootrom.c.o
 .debug_loclists
                0x0000b14a       0x48 CMakeFiles/bibliotheken.dir/home/momefilo/pico/pico-sdk/src/rp2_common/hardware_xosc/xosc.c.o
 .debug_loclists
                0x0000b192      0xbeb CMakeFiles/bibliotheken.dir/home/momefilo/pico/pico-sdk/src/rp2_common/hardware_uart/uart.c.o
 .debug_loclists
                0x0000bd7d       0x7e CMakeFiles/bibliotheken.dir/home/momefilo/pico/pico-sdk/src/rp2_common/pico_runtime/runtime.c.o
 .debug_loclists
                0x0000bdfb       0xba CMakeFiles/bibliotheken.dir/home/momefilo/pico/pico-sdk/src/rp2_common/pico_runtime_init/runtime_init.c.o
 .debug_loclists
                0x0000beb5       0x74 CMakeFiles/bibliotheken.dir/home/momefilo/pico/pico-sdk/src/rp2_common/pico_runtime_init/runtime_init_clocks.c.o
 .debug_loclists
                0x0000bf29       0x3d CMakeFiles/bibliotheken.dir/home/momefilo/pico/pico-sdk/src/rp2_common/pico_double/double_init_rom_rp2040.c.o
 .debug_loclists
                0x0000bf66       0x59 CMakeFiles/bibliotheken.dir/home/momefilo/pico/pico-sdk/src/rp2_common/pico_float/float_init_rom_rp2040.c.o
 .debug_loclists
                0x0000bfbf     0x2a97 CMakeFiles/bibliotheken.dir/home/momefilo/pico/pico-sdk/src/rp2_common/pico_printf/printf.c.o
 .debug_loclists
                0x0000ea56      0x3a1 CMakeFiles/bibliotheken.dir/home/momefilo/pico/pico-sdk/src/rp2_common/pico_clib_interface/newlib_interface.c.o
 .debug_loclists
                0x0000edf7      0xe86 CMakeFiles/bibliotheken.dir/home/momefilo/pico/pico-sdk/src/rp2_common/pico_stdio/stdio.c.o
 .debug_loclists
                0x0000fc7d      0x6bb CMakeFiles/bibliotheken.dir/home/momefilo/pico/pico-sdk/src/rp2_common/pico_stdio_uart/stdio_uart.c.o
 .debug_loclists
                0x00010338      0xa7d sh_1106/libsh_1106.a(sh_1106.c.o)
 .debug_loclists
                0x00010db5       0x51 /usr/lib/gcc/arm-none-eabi/12.2.1/../../../arm-none-eabi/lib/thumb/v6-m/nofp/libg.a(lib_a-strlen-stub.o)

.debug_aranges  0x00000000     0x1058
 .debug_aranges
                0x00000000       0x40 CMakeFiles/bibliotheken.dir/bibliotheken.c.o
 .debug_aranges
                0x00000040      0x120 CMakeFiles/bibliotheken.dir/home/momefilo/pico/pico-sdk/src/rp2_common/hardware_gpio/gpio.c.o
 .debug_aranges
                0x00000160       0x28 CMakeFiles/bibliotheken.dir/home/momefilo/pico/pico-sdk/src/rp2_common/pico_platform_panic/panic.c.o
 .debug_aranges
                0x00000188       0x48 CMakeFiles/bibliotheken.dir/home/momefilo/pico/pico-sdk/src/common/hardware_claim/claim.c.o
 .debug_aranges
                0x000001d0       0x48 CMakeFiles/bibliotheken.dir/home/momefilo/pico/pico-sdk/src/rp2_common/hardware_sync/sync.c.o
 .debug_aranges
                0x00000218       0x28 CMakeFiles/bibliotheken.dir/home/momefilo/pico/pico-sdk/src/rp2_common/hardware_sync_spin_lock/sync_spin_lock.c.o
 .debug_aranges
                0x00000240       0xb0 CMakeFiles/bibliotheken.dir/home/momefilo/pico/pico-sdk/src/rp2_common/hardware_irq/irq.c.o
 .debug_aranges
                0x000002f0       0x20 CMakeFiles/bibliotheken.dir/home/momefilo/pico/pico-sdk/src/common/pico_sync/lock_core.c.o
 .debug_aranges
                0x00000310       0x98 CMakeFiles/bibliotheken.dir/home/momefilo/pico/pico-sdk/src/common/pico_sync/mutex.c.o
 .debug_aranges
                0x000003a8       0xe0 CMakeFiles/bibliotheken.dir/home/momefilo/pico/pico-sdk/src/common/pico_time/time.c.o
 .debug_aranges
                0x00000488       0xf0 CMakeFiles/bibliotheken.dir/home/momefilo/pico/pico-sdk/src/rp2_common/hardware_timer/timer.c.o
 .debug_aranges
                0x00000578       0x98 CMakeFiles/bibliotheken.dir/home/momefilo/pico/pico-sdk/src/rp2_common/hardware_i2c/i2c.c.o
 .debug_aranges
                0x00000610       0x90 CMakeFiles/bibliotheken.dir/home/momefilo/pico/pico-sdk/src/rp2_common/hardware_clocks/clocks.c.o
 .debug_aranges
                0x000006a0       0x28 CMakeFiles/bibliotheken.dir/home/momefilo/pico/pico-sdk/src/rp2_common/hardware_pll/pll.c.o
 .debug_aranges
                0x000006c8       0x30 CMakeFiles/bibliotheken.dir/home/momefilo/pico/pico-sdk/src/rp2_common/hardware_ticks/ticks.c.o
 .debug_aranges
                0x000006f8       0x40 CMakeFiles/bibliotheken.dir/home/momefilo/pico/pico-sdk/src/rp2_common/pico_bootrom/bootrom.c.o
 .debug_aranges
                0x00000738       0x30 CMakeFiles/bibliotheken.dir/home/momefilo/pico/pico-sdk/src/rp2_common/hardware_xosc/xosc.c.o
 .debug_aranges
                0x00000768       0x58 CMakeFiles/bibliotheken.dir/home/momefilo/pico/pico-sdk/src/rp2_common/hardware_uart/uart.c.o
 .debug_aranges
                0x000007c0       0x38 CMakeFiles/bibliotheken.dir/home/momefilo/pico/pico-sdk/src/rp2_common/pico_runtime/runtime.c.o
 .debug_aranges
                0x000007f8       0x48 CMakeFiles/bibliotheken.dir/home/momefilo/pico/pico-sdk/src/rp2_common/pico_runtime_init/runtime_init.c.o
 .debug_aranges
                0x00000840       0x20 CMakeFiles/bibliotheken.dir/home/momefilo/pico/pico-sdk/src/rp2_common/pico_runtime_init/runtime_init_clocks.c.o
 .debug_aranges
                0x00000860       0x60 CMakeFiles/bibliotheken.dir/home/momefilo/pico/pico-sdk/src/rp2_common/pico_bit_ops/bit_ops_aeabi.S.o
 .debug_aranges
                0x000008c0       0x40 CMakeFiles/bibliotheken.dir/home/momefilo/pico/pico-sdk/src/rp2_common/pico_divider/divider_hardware.S.o
 .debug_aranges
                0x00000900      0x140 CMakeFiles/bibliotheken.dir/home/momefilo/pico/pico-sdk/src/rp2_common/pico_double/double_aeabi_rp2040.S.o
 .debug_aranges
                0x00000a40       0x20 CMakeFiles/bibliotheken.dir/home/momefilo/pico/pico-sdk/src/rp2_common/pico_double/double_init_rom_rp2040.c.o
 .debug_aranges
                0x00000a60       0xc8 CMakeFiles/bibliotheken.dir/home/momefilo/pico/pico-sdk/src/rp2_common/pico_double/double_v1_rom_shim_rp2040.S.o
 .debug_aranges
                0x00000b28      0x130 CMakeFiles/bibliotheken.dir/home/momefilo/pico/pico-sdk/src/rp2_common/pico_float/float_aeabi_rp2040.S.o
 .debug_aranges
                0x00000c58       0x20 CMakeFiles/bibliotheken.dir/home/momefilo/pico/pico-sdk/src/rp2_common/pico_float/float_init_rom_rp2040.c.o
 .debug_aranges
                0x00000c78       0x50 CMakeFiles/bibliotheken.dir/home/momefilo/pico/pico-sdk/src/rp2_common/pico_float/float_v1_rom_shim_rp2040.S.o
 .debug_aranges
                0x00000cc8       0x38 CMakeFiles/bibliotheken.dir/home/momefilo/pico/pico-sdk/src/rp2_common/pico_mem_ops/mem_ops_aeabi.S.o
 .debug_aranges
                0x00000d00       0x18 CMakeFiles/bibliotheken.dir/home/momefilo/pico/pico-sdk/src/rp2_common/pico_standard_binary_info/standard_binary_info.c.o
 .debug_aranges
                0x00000d18       0x90 CMakeFiles/bibliotheken.dir/home/momefilo/pico/pico-sdk/src/rp2_common/pico_printf/printf.c.o
 .debug_aranges
                0x00000da8       0x28 CMakeFiles/bibliotheken.dir/home/momefilo/pico/pico-sdk/src/rp2_common/pico_crt0/crt0.S.o
 .debug_aranges
                0x00000dd0       0xa0 CMakeFiles/bibliotheken.dir/home/momefilo/pico/pico-sdk/src/rp2_common/pico_clib_interface/newlib_interface.c.o
 .debug_aranges
                0x00000e70       0xc8 CMakeFiles/bibliotheken.dir/home/momefilo/pico/pico-sdk/src/rp2_common/pico_stdio/stdio.c.o
 .debug_aranges
                0x00000f38       0x80 CMakeFiles/bibliotheken.dir/home/momefilo/pico/pico-sdk/src/rp2_common/pico_stdio_uart/stdio_uart.c.o
 .debug_aranges
                0x00000fb8       0x60 sh_1106/libsh_1106.a(sh_1106.c.o)
 .debug_aranges
                0x00001018       0x20 /usr/lib/gcc/arm-none-eabi/12.2.1/thumb/v6-m/nofp/libgcc.a(_dvmd_tls.o)
 .debug_aranges
                0x00001038       0x20 /usr/lib/gcc/arm-none-eabi/12.2.1/../../../arm-none-eabi/lib/thumb/v6-m/nofp/libg.a(lib_a-strlen-stub.o)

.debug_rnglists
                0x00000000     0x32fd
 .debug_rnglists
                0x00000000       0x82 CMakeFiles/bibliotheken.dir/bibliotheken.c.o
 .debug_rnglists
                0x00000082      0x5b6 CMakeFiles/bibliotheken.dir/home/momefilo/pico/pico-sdk/src/rp2_common/hardware_gpio/gpio.c.o
 .debug_rnglists
                0x00000638       0x19 CMakeFiles/bibliotheken.dir/home/momefilo/pico/pico-sdk/src/rp2_common/pico_platform_panic/panic.c.o
 .debug_rnglists
                0x00000651       0xc5 CMakeFiles/bibliotheken.dir/home/momefilo/pico/pico-sdk/src/common/hardware_claim/claim.c.o
 .debug_rnglists
                0x00000716       0x67 CMakeFiles/bibliotheken.dir/home/momefilo/pico/pico-sdk/src/rp2_common/hardware_sync/sync.c.o
 .debug_rnglists
                0x0000077d       0x3d CMakeFiles/bibliotheken.dir/home/momefilo/pico/pico-sdk/src/rp2_common/hardware_sync_spin_lock/sync_spin_lock.c.o
 .debug_rnglists
                0x000007ba      0x35c CMakeFiles/bibliotheken.dir/home/momefilo/pico/pico-sdk/src/rp2_common/hardware_irq/irq.c.o
 .debug_rnglists
                0x00000b16       0x1f CMakeFiles/bibliotheken.dir/home/momefilo/pico/pico-sdk/src/common/pico_sync/lock_core.c.o
 .debug_rnglists
                0x00000b35      0x32d CMakeFiles/bibliotheken.dir/home/momefilo/pico/pico-sdk/src/common/pico_sync/mutex.c.o
 .debug_rnglists
                0x00000e62      0x78f CMakeFiles/bibliotheken.dir/home/momefilo/pico/pico-sdk/src/common/pico_time/time.c.o
 .debug_rnglists
                0x000015f1      0x2c6 CMakeFiles/bibliotheken.dir/home/momefilo/pico/pico-sdk/src/rp2_common/hardware_timer/timer.c.o
 .debug_rnglists
                0x000018b7      0x178 CMakeFiles/bibliotheken.dir/home/momefilo/pico/pico-sdk/src/rp2_common/hardware_i2c/i2c.c.o
 .debug_rnglists
                0x00001a2f      0x5a9 CMakeFiles/bibliotheken.dir/home/momefilo/pico/pico-sdk/src/rp2_common/hardware_clocks/clocks.c.o
 .debug_rnglists
                0x00001fd8       0x5c CMakeFiles/bibliotheken.dir/home/momefilo/pico/pico-sdk/src/rp2_common/hardware_pll/pll.c.o
 .debug_rnglists
                0x00002034       0x2b CMakeFiles/bibliotheken.dir/home/momefilo/pico/pico-sdk/src/rp2_common/hardware_ticks/ticks.c.o
 .debug_rnglists
                0x0000205f      0x10c CMakeFiles/bibliotheken.dir/home/momefilo/pico/pico-sdk/src/rp2_common/pico_bootrom/bootrom.c.o
 .debug_rnglists
                0x0000216b       0x2b CMakeFiles/bibliotheken.dir/home/momefilo/pico/pico-sdk/src/rp2_common/hardware_xosc/xosc.c.o
 .debug_rnglists
                0x00002196      0x259 CMakeFiles/bibliotheken.dir/home/momefilo/pico/pico-sdk/src/rp2_common/hardware_uart/uart.c.o
 .debug_rnglists
                0x000023ef       0x3d CMakeFiles/bibliotheken.dir/home/momefilo/pico/pico-sdk/src/rp2_common/pico_runtime/runtime.c.o
 .debug_rnglists
                0x0000242c       0x49 CMakeFiles/bibliotheken.dir/home/momefilo/pico/pico-sdk/src/rp2_common/pico_runtime_init/runtime_init.c.o
 .debug_rnglists
                0x00002475       0x20 CMakeFiles/bibliotheken.dir/home/momefilo/pico/pico-sdk/src/rp2_common/pico_runtime_init/runtime_init_clocks.c.o
 .debug_rnglists
                0x00002495       0x43 CMakeFiles/bibliotheken.dir/home/momefilo/pico/pico-sdk/src/rp2_common/pico_bit_ops/bit_ops_aeabi.S.o
 .debug_rnglists
                0x000024d8       0x2c CMakeFiles/bibliotheken.dir/home/momefilo/pico/pico-sdk/src/rp2_common/pico_divider/divider_hardware.S.o
 .debug_rnglists
                0x00002504       0xed CMakeFiles/bibliotheken.dir/home/momefilo/pico/pico-sdk/src/rp2_common/pico_double/double_aeabi_rp2040.S.o
 .debug_rnglists
                0x000025f1       0x14 CMakeFiles/bibliotheken.dir/home/momefilo/pico/pico-sdk/src/rp2_common/pico_double/double_init_rom_rp2040.c.o
 .debug_rnglists
                0x00002605       0x99 CMakeFiles/bibliotheken.dir/home/momefilo/pico/pico-sdk/src/rp2_common/pico_double/double_v1_rom_shim_rp2040.S.o
 .debug_rnglists
                0x0000269e       0xdf CMakeFiles/bibliotheken.dir/home/momefilo/pico/pico-sdk/src/rp2_common/pico_float/float_aeabi_rp2040.S.o
 .debug_rnglists
                0x0000277d       0x13 CMakeFiles/bibliotheken.dir/home/momefilo/pico/pico-sdk/src/rp2_common/pico_float/float_init_rom_rp2040.c.o
 .debug_rnglists
                0x00002790       0x38 CMakeFiles/bibliotheken.dir/home/momefilo/pico/pico-sdk/src/rp2_common/pico_float/float_v1_rom_shim_rp2040.S.o
 .debug_rnglists
                0x000027c8       0x25 CMakeFiles/bibliotheken.dir/home/momefilo/pico/pico-sdk/src/rp2_common/pico_mem_ops/mem_ops_aeabi.S.o
 .debug_rnglists
                0x000027ed      0x2a1 CMakeFiles/bibliotheken.dir/home/momefilo/pico/pico-sdk/src/rp2_common/pico_printf/printf.c.o
 .debug_rnglists
                0x00002a8e       0x1b CMakeFiles/bibliotheken.dir/home/momefilo/pico/pico-sdk/src/rp2_common/pico_crt0/crt0.S.o
 .debug_rnglists
                0x00002aa9       0x7f CMakeFiles/bibliotheken.dir/home/momefilo/pico/pico-sdk/src/rp2_common/pico_clib_interface/newlib_interface.c.o
 .debug_rnglists
                0x00002b28      0x28e CMakeFiles/bibliotheken.dir/home/momefilo/pico/pico-sdk/src/rp2_common/pico_stdio/stdio.c.o
 .debug_rnglists
                0x00002db6      0x1c2 CMakeFiles/bibliotheken.dir/home/momefilo/pico/pico-sdk/src/rp2_common/pico_stdio_uart/stdio_uart.c.o
 .debug_rnglists
                0x00002f78      0x385 sh_1106/libsh_1106.a(sh_1106.c.o)

.debug_line     0x00000000    0x16be5
 .debug_line    0x00000000      0x404 CMakeFiles/bibliotheken.dir/bibliotheken.c.o
 .debug_line    0x00000404     0x198c CMakeFiles/bibliotheken.dir/home/momefilo/pico/pico-sdk/src/rp2_common/hardware_gpio/gpio.c.o
 .debug_line    0x00001d90      0x1f2 CMakeFiles/bibliotheken.dir/home/momefilo/pico/pico-sdk/src/rp2_common/pico_platform_panic/panic.c.o
 .debug_line    0x00001f82      0x84f CMakeFiles/bibliotheken.dir/home/momefilo/pico/pico-sdk/src/common/hardware_claim/claim.c.o
 .debug_line    0x000027d1      0x40d CMakeFiles/bibliotheken.dir/home/momefilo/pico/pico-sdk/src/rp2_common/hardware_sync/sync.c.o
 .debug_line    0x00002bde      0x307 CMakeFiles/bibliotheken.dir/home/momefilo/pico/pico-sdk/src/rp2_common/hardware_sync_spin_lock/sync_spin_lock.c.o
 .debug_line    0x00002ee5     0x1534 CMakeFiles/bibliotheken.dir/home/momefilo/pico/pico-sdk/src/rp2_common/hardware_irq/irq.c.o
 .debug_line    0x00004419      0x23e CMakeFiles/bibliotheken.dir/home/momefilo/pico/pico-sdk/src/common/pico_sync/lock_core.c.o
 .debug_line    0x00004657     0x192d CMakeFiles/bibliotheken.dir/home/momefilo/pico/pico-sdk/src/common/pico_sync/mutex.c.o
 .debug_line    0x00005f84     0x2cfa CMakeFiles/bibliotheken.dir/home/momefilo/pico/pico-sdk/src/common/pico_time/time.c.o
 .debug_line    0x00008c7e     0x1b1b CMakeFiles/bibliotheken.dir/home/momefilo/pico/pico-sdk/src/rp2_common/hardware_timer/timer.c.o
 .debug_line    0x0000a799     0x1077 CMakeFiles/bibliotheken.dir/home/momefilo/pico/pico-sdk/src/rp2_common/hardware_i2c/i2c.c.o
 .debug_line    0x0000b810     0x1c11 CMakeFiles/bibliotheken.dir/home/momefilo/pico/pico-sdk/src/rp2_common/hardware_clocks/clocks.c.o
 .debug_line    0x0000d421      0x490 CMakeFiles/bibliotheken.dir/home/momefilo/pico/pico-sdk/src/rp2_common/hardware_pll/pll.c.o
 .debug_line    0x0000d8b1      0x294 CMakeFiles/bibliotheken.dir/home/momefilo/pico/pico-sdk/src/rp2_common/hardware_ticks/ticks.c.o
 .debug_line    0x0000db45      0x3c9 CMakeFiles/bibliotheken.dir/home/momefilo/pico/pico-sdk/src/rp2_common/pico_bootrom/bootrom.c.o
 .debug_line    0x0000df0e      0x2bf CMakeFiles/bibliotheken.dir/home/momefilo/pico/pico-sdk/src/rp2_common/hardware_xosc/xosc.c.o
 .debug_line    0x0000e1cd      0xd32 CMakeFiles/bibliotheken.dir/home/momefilo/pico/pico-sdk/src/rp2_common/hardware_uart/uart.c.o
 .debug_line    0x0000eeff      0x25c CMakeFiles/bibliotheken.dir/home/momefilo/pico/pico-sdk/src/rp2_common/pico_runtime/runtime.c.o
 .debug_line    0x0000f15b      0x492 CMakeFiles/bibliotheken.dir/home/momefilo/pico/pico-sdk/src/rp2_common/pico_runtime_init/runtime_init.c.o
 .debug_line    0x0000f5ed      0x48d CMakeFiles/bibliotheken.dir/home/momefilo/pico/pico-sdk/src/rp2_common/pico_runtime_init/runtime_init_clocks.c.o
 .debug_line    0x0000fa7a      0x107 CMakeFiles/bibliotheken.dir/home/momefilo/pico/pico-sdk/src/rp2_common/pico_bit_ops/bit_ops_aeabi.S.o
 .debug_line    0x0000fb81      0x2a9 CMakeFiles/bibliotheken.dir/home/momefilo/pico/pico-sdk/src/rp2_common/pico_divider/divider_hardware.S.o
 .debug_line    0x0000fe2a      0x3f8 CMakeFiles/bibliotheken.dir/home/momefilo/pico/pico-sdk/src/rp2_common/pico_double/double_aeabi_rp2040.S.o
 .debug_line    0x00010222      0x350 CMakeFiles/bibliotheken.dir/home/momefilo/pico/pico-sdk/src/rp2_common/pico_double/double_init_rom_rp2040.c.o
 .debug_line    0x00010572      0x66d CMakeFiles/bibliotheken.dir/home/momefilo/pico/pico-sdk/src/rp2_common/pico_double/double_v1_rom_shim_rp2040.S.o
 .debug_line    0x00010bdf      0x3b4 CMakeFiles/bibliotheken.dir/home/momefilo/pico/pico-sdk/src/rp2_common/pico_float/float_aeabi_rp2040.S.o
 .debug_line    0x00010f93      0x2b5 CMakeFiles/bibliotheken.dir/home/momefilo/pico/pico-sdk/src/rp2_common/pico_float/float_init_rom_rp2040.c.o
 .debug_line    0x00011248      0x195 CMakeFiles/bibliotheken.dir/home/momefilo/pico/pico-sdk/src/rp2_common/pico_float/float_v1_rom_shim_rp2040.S.o
 .debug_line    0x000113dd       0x94 CMakeFiles/bibliotheken.dir/home/momefilo/pico/pico-sdk/src/rp2_common/pico_mem_ops/mem_ops_aeabi.S.o
 .debug_line    0x00011471      0x166 CMakeFiles/bibliotheken.dir/home/momefilo/pico/pico-sdk/src/rp2_common/pico_standard_binary_info/standard_binary_info.c.o
 .debug_line    0x000115d7     0x181c CMakeFiles/bibliotheken.dir/home/momefilo/pico/pico-sdk/src/rp2_common/pico_printf/printf.c.o
 .debug_line    0x00012df3       0xa5 CMakeFiles/bibliotheken.dir/home/momefilo/pico/pico-sdk/src/rp2_common/pico_crt0/crt0.S.o
 .debug_line    0x00012e98      0x75c CMakeFiles/bibliotheken.dir/home/momefilo/pico/pico-sdk/src/rp2_common/pico_clib_interface/newlib_interface.c.o
 .debug_line    0x000135f4     0x11dd CMakeFiles/bibliotheken.dir/home/momefilo/pico/pico-sdk/src/rp2_common/pico_stdio/stdio.c.o
 .debug_line    0x000147d1      0xc0a CMakeFiles/bibliotheken.dir/home/momefilo/pico/pico-sdk/src/rp2_common/pico_stdio_uart/stdio_uart.c.o
 .debug_line    0x000153db     0x1613 sh_1106/libsh_1106.a(sh_1106.c.o)
 .debug_line    0x000169ee       0x4a /usr/lib/gcc/arm-none-eabi/12.2.1/thumb/v6-m/nofp/libgcc.a(_dvmd_tls.o)
 .debug_line    0x00016a38      0x1ad /usr/lib/gcc/arm-none-eabi/12.2.1/../../../arm-none-eabi/lib/thumb/v6-m/nofp/libg.a(lib_a-strlen-stub.o)

.debug_str      0x00000000     0x50be
 .debug_str     0x00000000      0x21b CMakeFiles/bibliotheken.dir/bibliotheken.c.o
                                0x272 (size before relaxing)
 .debug_str     0x0000021b      0xa6b CMakeFiles/bibliotheken.dir/home/momefilo/pico/pico-sdk/src/rp2_common/hardware_gpio/gpio.c.o
                                0xc4c (size before relaxing)
 .debug_str     0x00000c86       0x94 CMakeFiles/bibliotheken.dir/home/momefilo/pico/pico-sdk/src/rp2_common/pico_platform_panic/panic.c.o
                                0x203 (size before relaxing)
 .debug_str     0x00000d1a      0x1d1 CMakeFiles/bibliotheken.dir/home/momefilo/pico/pico-sdk/src/common/hardware_claim/claim.c.o
                                0x371 (size before relaxing)
 .debug_str     0x00000eeb       0xce CMakeFiles/bibliotheken.dir/home/momefilo/pico/pico-sdk/src/rp2_common/hardware_sync/sync.c.o
                                0x31a (size before relaxing)
 .debug_str     0x00000fb9       0x64 CMakeFiles/bibliotheken.dir/home/momefilo/pico/pico-sdk/src/rp2_common/hardware_sync_spin_lock/sync_spin_lock.c.o
                                0x237 (size before relaxing)